<html>
<body>
<pre>
<h1>µVision Build Log</h1>
<h2>Project:</h2>
D:\du an GSS\firmware\GitHub\gss-g1\PROJECTS\projectGSS1\G1.uvproj
Project File Date:  03/07/2013

<h2>Output:</h2>
Build target 'G1'
compiling main.c...
main.c(473): warning:  #177-D: variable "value_angle_steering" was declared but never referenced
main.c(474): warning:  #177-D: variable "setpointSTR" was declared but never referenced
main.c(474): warning:  #177-D: variable "setpointSTL" was declared but never referenced
main.c(729): error:  #127: expected a statement
main.c(736): warning:  #12-D: parsing restarts here after previous syntax error
Target not created
Build target 'G1'
compiling main.c...
main.c(473): warning:  #177-D: variable "value_angle_steering" was declared but never referenced
main.c(474): warning:  #177-D: variable "setpointSTR" was declared but never referenced
main.c(474): warning:  #177-D: variable "setpointSTL" was declared but never referenced
linking...
Program Size: Code=20812 RO-data=548 RW-data=252 ZI-data=2324  
FromELF: creating hex file...
".\keilC\Obj\G1.axf" - 0 Error(s), 3 Warning(s).
Build target 'G1'
compiling main.c...
main.c(473): warning:  #177-D: variable "value_angle_steering" was declared but never referenced
main.c(474): warning:  #177-D: variable "setpointSTR" was declared but never referenced
main.c(474): warning:  #177-D: variable "setpointSTL" was declared but never referenced
linking...
Program Size: Code=20820 RO-data=548 RW-data=252 ZI-data=2324  
FromELF: creating hex file...
".\keilC\Obj\G1.axf" - 0 Error(s), 3 Warning(s).
Build target 'G1'
compiling main.c...
main.c(473): warning:  #177-D: variable "value_angle_steering" was declared but never referenced
main.c(474): warning:  #177-D: variable "setpointSTR" was declared but never referenced
main.c(474): warning:  #177-D: variable "setpointSTL" was declared but never referenced
linking...
Program Size: Code=20812 RO-data=548 RW-data=252 ZI-data=2324  
FromELF: creating hex file...
".\keilC\Obj\G1.axf" - 0 Error(s), 3 Warning(s).
Load "D:\\du an GSS\\firmware\\GitHub\\gss-g1\\PROJECTS\\projectGSS1\\keilC\\Obj\\G1.AXF" 
Erase Done.
Programming Done.
Verify OK.
Build target 'G1'
compiling main.c...
main.c(473): warning:  #177-D: variable "value_angle_steering" was declared but never referenced
main.c(474): warning:  #177-D: variable "setpointSTR" was declared but never referenced
main.c(474): warning:  #177-D: variable "setpointSTL" was declared but never referenced
linking...
Program Size: Code=20768 RO-data=548 RW-data=252 ZI-data=2324  
FromELF: creating hex file...
".\keilC\Obj\G1.axf" - 0 Error(s), 3 Warning(s).
Load "D:\\du an GSS\\firmware\\GitHub\\gss-g1\\PROJECTS\\projectGSS1\\keilC\\Obj\\G1.AXF" 
Erase Done.
Programming Done.
Verify OK.
Build target 'G1'
compiling main.c...
main.c(473): warning:  #177-D: variable "value_angle_steering" was declared but never referenced
main.c(474): warning:  #177-D: variable "setpointSTR" was declared but never referenced
main.c(474): warning:  #177-D: variable "setpointSTL" was declared but never referenced
linking...
Program Size: Code=20812 RO-data=548 RW-data=252 ZI-data=2324  
FromELF: creating hex file...
".\keilC\Obj\G1.axf" - 0 Error(s), 3 Warning(s).
Load "D:\\du an GSS\\firmware\\GitHub\\gss-g1\\PROJECTS\\projectGSS1\\keilC\\Obj\\G1.AXF" 
Erase Done.
Programming Done.
Verify OK.
Load "D:\\du an GSS\\firmware\\GitHub\\gss-g1\\PROJECTS\\projectGSS1\\keilC\\Obj\\G1.AXF" 
Erase Done.
Programming Done.
Verify OK.
Build target 'G1'
compiling main.c...
main.c(473): warning:  #177-D: variable "value_angle_steering" was declared but never referenced
main.c(474): warning:  #177-D: variable "setpointSTR" was declared but never referenced
main.c(474): warning:  #177-D: variable "setpointSTL" was declared but never referenced
linking...
Program Size: Code=20804 RO-data=548 RW-data=252 ZI-data=2324  
FromELF: creating hex file...
".\keilC\Obj\G1.axf" - 0 Error(s), 3 Warning(s).
Load "D:\\du an GSS\\firmware\\GitHub\\gss-g1\\PROJECTS\\projectGSS1\\keilC\\Obj\\G1.AXF" 
Erase Done.
Programming Done.
Verify OK.
Build target 'G1'
compiling main.c...
main.c(473): warning:  #177-D: variable "value_angle_steering" was declared but never referenced
main.c(474): warning:  #177-D: variable "setpointSTR" was declared but never referenced
main.c(474): warning:  #177-D: variable "setpointSTL" was declared but never referenced
linking...
Program Size: Code=20796 RO-data=548 RW-data=252 ZI-data=2324  
FromELF: creating hex file...
".\keilC\Obj\G1.axf" - 0 Error(s), 3 Warning(s).
Build target 'G1'
compiling main.c...
linking...
Program Size: Code=20796 RO-data=548 RW-data=252 ZI-data=2324  
FromELF: creating hex file...
".\keilC\Obj\G1.axf" - 0 Error(s), 0 Warning(s).
Load "D:\\du an GSS\\firmware\\GitHub\\gss-g1\\PROJECTS\\projectGSS1\\keilC\\Obj\\G1.AXF" 
Erase Done.
Programming Done.
Verify OK.
Build target 'G1'
compiling main.c...
linking...
Program Size: Code=20768 RO-data=548 RW-data=252 ZI-data=2324  
FromELF: creating hex file...
".\keilC\Obj\G1.axf" - 0 Error(s), 0 Warning(s).
Load "D:\\du an GSS\\firmware\\GitHub\\gss-g1\\PROJECTS\\projectGSS1\\keilC\\Obj\\G1.AXF" 
Erase Done.
Programming Done.
Verify OK.
Build target 'G1'
compiling main.c...
linking...
Program Size: Code=20768 RO-data=548 RW-data=252 ZI-data=2324  
FromELF: creating hex file...
".\keilC\Obj\G1.axf" - 0 Error(s), 0 Warning(s).
Load "D:\\du an GSS\\firmware\\GitHub\\gss-g1\\PROJECTS\\projectGSS1\\keilC\\Obj\\G1.AXF" 
Erase Done.
Programming Done.
Verify OK.
Build target 'G1'
compiling main.c...
linking...
Program Size: Code=20760 RO-data=548 RW-data=252 ZI-data=2324  
FromELF: creating hex file...
".\keilC\Obj\G1.axf" - 0 Error(s), 0 Warning(s).
Load "D:\\du an GSS\\firmware\\GitHub\\gss-g1\\PROJECTS\\projectGSS1\\keilC\\Obj\\G1.AXF" 
Erase Done.
Programming Done.
Verify OK.
Build target 'G1'
compiling main.c...
main.c(473): warning:  #177-D: variable "value_angle_steering" was declared but never referenced
main.c(474): warning:  #177-D: variable "setpointSTR" was declared but never referenced
main.c(474): warning:  #177-D: variable "setpointSTL" was declared but never referenced
linking...
Program Size: Code=20804 RO-data=548 RW-data=252 ZI-data=2324  
FromELF: creating hex file...
".\keilC\Obj\G1.axf" - 0 Error(s), 3 Warning(s).
Load "D:\\du an GSS\\firmware\\GitHub\\gss-g1\\PROJECTS\\projectGSS1\\keilC\\Obj\\G1.AXF" 
Erase Done.
Programming Done.
Verify OK.
Build target 'G1'
compiling main.c...
main.c(473): warning:  #177-D: variable "value_angle_steering" was declared but never referenced
main.c(474): warning:  #177-D: variable "setpointSTR" was declared but never referenced
main.c(474): warning:  #177-D: variable "setpointSTL" was declared but never referenced
linking...
Program Size: Code=20804 RO-data=548 RW-data=252 ZI-data=2324  
FromELF: creating hex file...
".\keilC\Obj\G1.axf" - 0 Error(s), 3 Warning(s).
Build target 'G1'
compiling main.c...
main.c(473): warning:  #177-D: variable "value_angle_steering" was declared but never referenced
main.c(474): warning:  #177-D: variable "setpointSTR" was declared but never referenced
main.c(474): warning:  #177-D: variable "setpointSTL" was declared but never referenced
linking...
Program Size: Code=20808 RO-data=548 RW-data=252 ZI-data=2324  
FromELF: creating hex file...
".\keilC\Obj\G1.axf" - 0 Error(s), 3 Warning(s).
Build target 'G1'
compiling main.c...
main.c(473): warning:  #177-D: variable "value_angle_steering" was declared but never referenced
main.c(474): warning:  #177-D: variable "setpointSTR" was declared but never referenced
main.c(474): warning:  #177-D: variable "setpointSTL" was declared but never referenced
linking...
Program Size: Code=20780 RO-data=548 RW-data=252 ZI-data=2324  
FromELF: creating hex file...
".\keilC\Obj\G1.axf" - 0 Error(s), 3 Warning(s).
Load "D:\\du an GSS\\firmware\\GitHub\\gss-g1\\PROJECTS\\projectGSS1\\keilC\\Obj\\G1.AXF" 
Erase Done.
Programming Done.
Verify OK.
Build target 'G1'
compiling main.c...
main.c(473): warning:  #177-D: variable "value_angle_steering" was declared but never referenced
main.c(474): warning:  #177-D: variable "setpointSTR" was declared but never referenced
main.c(474): warning:  #177-D: variable "setpointSTL" was declared but never referenced
linking...
Program Size: Code=20784 RO-data=548 RW-data=252 ZI-data=2324  
FromELF: creating hex file...
".\keilC\Obj\G1.axf" - 0 Error(s), 3 Warning(s).
Load "D:\\du an GSS\\firmware\\GitHub\\gss-g1\\PROJECTS\\projectGSS1\\keilC\\Obj\\G1.AXF" 
Erase Done.
Programming Done.
Verify OK.
Build target 'G1'
compiling main.c...
main.c(473): warning:  #177-D: variable "value_angle_steering" was declared but never referenced
main.c(474): warning:  #177-D: variable "setpointSTR" was declared but never referenced
main.c(474): warning:  #177-D: variable "setpointSTL" was declared but never referenced
linking...
Program Size: Code=20756 RO-data=548 RW-data=252 ZI-data=2324  
FromELF: creating hex file...
".\keilC\Obj\G1.axf" - 0 Error(s), 3 Warning(s).
Load "D:\\du an GSS\\firmware\\GitHub\\gss-g1\\PROJECTS\\projectGSS1\\keilC\\Obj\\G1.AXF" 
Erase Done.
Programming Done.
Verify OK.
Build target 'G1'
compiling main.c...
main.c(473): warning:  #177-D: variable "value_angle_steering" was declared but never referenced
main.c(474): warning:  #177-D: variable "setpointSTR" was declared but never referenced
main.c(474): warning:  #177-D: variable "setpointSTL" was declared but never referenced
linking...
Program Size: Code=20744 RO-data=548 RW-data=252 ZI-data=2324  
FromELF: creating hex file...
".\keilC\Obj\G1.axf" - 0 Error(s), 3 Warning(s).
Load "D:\\du an GSS\\firmware\\GitHub\\gss-g1\\PROJECTS\\projectGSS1\\keilC\\Obj\\G1.AXF" 
Erase Done.
Programming Done.
Verify OK.
Build target 'G1'
compiling gTIM.c...
..\..\LIB\G_LIB\gTIM.c(418): warning:  #69-D: integer conversion resulted in truncation
linking...
Program Size: Code=20748 RO-data=548 RW-data=252 ZI-data=2324  
FromELF: creating hex file...
".\keilC\Obj\G1.axf" - 0 Error(s), 1 Warning(s).
Build target 'G1'
linking...
Program Size: Code=20748 RO-data=548 RW-data=252 ZI-data=2324  
FromELF: creating hex file...
".\keilC\Obj\G1.axf" - 0 Error(s), 0 Warning(s).
Load "D:\\du an GSS\\firmware\\GitHub\\gss-g1\\PROJECTS\\projectGSS1\\keilC\\Obj\\G1.AXF" 
Erase Done.
Programming Done.
Verify OK.
Build target 'G1'
compiling main.c...
main.c(473): warning:  #177-D: variable "value_angle_steering" was declared but never referenced
main.c(474): warning:  #177-D: variable "setpointSTR" was declared but never referenced
main.c(474): warning:  #177-D: variable "setpointSTL" was declared but never referenced
compiling gTIM.c...
..\..\LIB\G_LIB\gTIM.c(418): warning:  #69-D: integer conversion resulted in truncation
linking...
Program Size: Code=20756 RO-data=548 RW-data=252 ZI-data=2324  
FromELF: creating hex file...
".\keilC\Obj\G1.axf" - 0 Error(s), 4 Warning(s).
Build target 'G1'
compiling main.c...
linking...
Program Size: Code=20756 RO-data=548 RW-data=252 ZI-data=2324  
FromELF: creating hex file...
".\keilC\Obj\G1.axf" - 0 Error(s), 0 Warning(s).
Load "D:\\du an GSS\\firmware\\GitHub\\gss-g1\\PROJECTS\\projectGSS1\\keilC\\Obj\\G1.AXF" 
Erase Done.
Programming Done.
Verify OK.
Build target 'G1'
compiling gTIM.c...
..\..\LIB\G_LIB\gTIM.c(418): warning:  #69-D: integer conversion resulted in truncation
linking...
Program Size: Code=20760 RO-data=548 RW-data=252 ZI-data=2324  
FromELF: creating hex file...
".\keilC\Obj\G1.axf" - 0 Error(s), 1 Warning(s).
Load "D:\\du an GSS\\firmware\\GitHub\\gss-g1\\PROJECTS\\projectGSS1\\keilC\\Obj\\G1.AXF" 
Erase Done.
Programming Done.
Verify OK.
Build target 'G1'
compiling main.c...
linking...
Program Size: Code=20752 RO-data=548 RW-data=252 ZI-data=2324  
FromELF: creating hex file...
".\keilC\Obj\G1.axf" - 0 Error(s), 0 Warning(s).
Load "D:\\du an GSS\\firmware\\GitHub\\gss-g1\\PROJECTS\\projectGSS1\\keilC\\Obj\\G1.AXF" 
Erase Done.
Programming Done.
Verify OK.
Build target 'G1'
compiling main.c...
linking...
Program Size: Code=20760 RO-data=548 RW-data=252 ZI-data=2324  
FromELF: creating hex file...
".\keilC\Obj\G1.axf" - 0 Error(s), 0 Warning(s).
Load "D:\\du an GSS\\firmware\\GitHub\\gss-g1\\PROJECTS\\projectGSS1\\keilC\\Obj\\G1.AXF" 
Erase Done.
Programming Done.
Verify OK.
Build target 'G1'
compiling main.c...
linking...
Program Size: Code=20792 RO-data=548 RW-data=252 ZI-data=2324  
FromELF: creating hex file...
".\keilC\Obj\G1.axf" - 0 Error(s), 0 Warning(s).
Build target 'G1'
compiling main.c...
linking...
Program Size: Code=20788 RO-data=548 RW-data=252 ZI-data=2324  
FromELF: creating hex file...
".\keilC\Obj\G1.axf" - 0 Error(s), 0 Warning(s).
Load "D:\\du an GSS\\firmware\\GitHub\\gss-g1\\PROJECTS\\projectGSS1\\keilC\\Obj\\G1.AXF" 
Erase Done.
Programming Done.
Verify OK.
Build target 'G1'
compiling main.c...
linking...
Program Size: Code=20796 RO-data=548 RW-data=252 ZI-data=2324  
FromELF: creating hex file...
".\keilC\Obj\G1.axf" - 0 Error(s), 0 Warning(s).
Load "D:\\du an GSS\\firmware\\GitHub\\gss-g1\\PROJECTS\\projectGSS1\\keilC\\Obj\\G1.AXF" 
Erase Done.
Programming Done.
Verify OK.
Build target 'G1'
compiling gTIM.c...
..\..\LIB\G_LIB\gTIM.c(418): warning:  #69-D: integer conversion resulted in truncation
linking...
Program Size: Code=20796 RO-data=548 RW-data=252 ZI-data=2324  
FromELF: creating hex file...
".\keilC\Obj\G1.axf" - 0 Error(s), 1 Warning(s).
Load "D:\\du an GSS\\firmware\\GitHub\\gss-g1\\PROJECTS\\projectGSS1\\keilC\\Obj\\G1.AXF" 
Erase Done.
Programming Done.
Verify OK.
Build target 'G1'
compiling gTIM.c...
..\..\LIB\G_LIB\gTIM.c(418): warning:  #69-D: integer conversion resulted in truncation
linking...
Program Size: Code=20792 RO-data=548 RW-data=252 ZI-data=2324  
FromELF: creating hex file...
".\keilC\Obj\G1.axf" - 0 Error(s), 1 Warning(s).
Load "D:\\du an GSS\\firmware\\GitHub\\gss-g1\\PROJECTS\\projectGSS1\\keilC\\Obj\\G1.AXF" 
Erase Done.
Programming Done.
Verify OK.
Build target 'G1'
compiling main.c...
linking...
Program Size: Code=20788 RO-data=548 RW-data=252 ZI-data=2324  
FromELF: creating hex file...
".\keilC\Obj\G1.axf" - 0 Error(s), 0 Warning(s).
Load "D:\\du an GSS\\firmware\\GitHub\\gss-g1\\PROJECTS\\projectGSS1\\keilC\\Obj\\G1.AXF" 
Erase Done.
Programming Done.
Verify OK.
Build target 'G1'
compiling main.c...
linking...
Program Size: Code=20820 RO-data=548 RW-data=252 ZI-data=2324  
FromELF: creating hex file...
".\keilC\Obj\G1.axf" - 0 Error(s), 0 Warning(s).
Load "D:\\du an GSS\\firmware\\GitHub\\gss-g1\\PROJECTS\\projectGSS1\\keilC\\Obj\\G1.AXF" 
Erase Done.
Programming Done.
Verify OK.
Build target 'G1'
compiling main.c...
compiling gTIM.c...
..\..\LIB\G_LIB\gTIM.c(418): warning:  #69-D: integer conversion resulted in truncation
linking...
Program Size: Code=20824 RO-data=548 RW-data=252 ZI-data=2324  
FromELF: creating hex file...
".\keilC\Obj\G1.axf" - 0 Error(s), 1 Warning(s).
Load "D:\\du an GSS\\firmware\\GitHub\\gss-g1\\PROJECTS\\projectGSS1\\keilC\\Obj\\G1.AXF" 
Erase Done.
Programming Done.
Verify OK.
Build target 'G1'
compiling main.c...
linking...
Program Size: Code=20828 RO-data=548 RW-data=252 ZI-data=2324  
FromELF: creating hex file...
".\keilC\Obj\G1.axf" - 0 Error(s), 0 Warning(s).
Load "D:\\du an GSS\\firmware\\GitHub\\gss-g1\\PROJECTS\\projectGSS1\\keilC\\Obj\\G1.AXF" 
Erase Done.
Programming Done.
Verify OK.
Build target 'G1'
compiling main.c...
linking...
Program Size: Code=20872 RO-data=548 RW-data=264 ZI-data=2320  
FromELF: creating hex file...
".\keilC\Obj\G1.axf" - 0 Error(s), 0 Warning(s).
Load "D:\\du an GSS\\firmware\\GitHub\\gss-g1\\PROJECTS\\projectGSS1\\keilC\\Obj\\G1.AXF" 
Erase Done.
Programming Done.
Verify OK.
Build target 'G1'
compiling main.c...
linking...
Program Size: Code=20872 RO-data=548 RW-data=264 ZI-data=2320  
FromELF: creating hex file...
".\keilC\Obj\G1.axf" - 0 Error(s), 0 Warning(s).
Build target 'G1'
linking...
Program Size: Code=20872 RO-data=548 RW-data=264 ZI-data=2320  
FromELF: creating hex file...
".\keilC\Obj\G1.axf" - 0 Error(s), 0 Warning(s).
Load "D:\\du an GSS\\firmware\\GitHub\\gss-g1\\PROJECTS\\projectGSS1\\keilC\\Obj\\G1.AXF" 
Erase Done.
Programming Done.
Verify OK.
Build target 'G1'
compiling main.c...
linking...
Program Size: Code=20868 RO-data=548 RW-data=264 ZI-data=2320  
FromELF: creating hex file...
".\keilC\Obj\G1.axf" - 0 Error(s), 0 Warning(s).
Build target 'G1'
linking...
Program Size: Code=20868 RO-data=548 RW-data=264 ZI-data=2320  
FromELF: creating hex file...
".\keilC\Obj\G1.axf" - 0 Error(s), 0 Warning(s).
Load "D:\\du an GSS\\firmware\\GitHub\\gss-g1\\PROJECTS\\projectGSS1\\keilC\\Obj\\G1.AXF" 
Erase Done.
Programming Done.
Verify OK.
Build target 'G1'
compiling main.c...
linking...
Program Size: Code=20868 RO-data=548 RW-data=264 ZI-data=2320  
FromELF: creating hex file...
".\keilC\Obj\G1.axf" - 0 Error(s), 0 Warning(s).
Build target 'G1'
linking...
Program Size: Code=20868 RO-data=548 RW-data=264 ZI-data=2320  
FromELF: creating hex file...
".\keilC\Obj\G1.axf" - 0 Error(s), 0 Warning(s).
Load "D:\\du an GSS\\firmware\\GitHub\\gss-g1\\PROJECTS\\projectGSS1\\keilC\\Obj\\G1.AXF" 
Erase Done.
Programming Done.
Verify OK.
Build target 'G1'
compiling main.c...
linking...
Program Size: Code=20868 RO-data=548 RW-data=264 ZI-data=2320  
FromELF: creating hex file...
".\keilC\Obj\G1.axf" - 0 Error(s), 0 Warning(s).
Build target 'G1'
linking...
Program Size: Code=20868 RO-data=548 RW-data=264 ZI-data=2320  
FromELF: creating hex file...
".\keilC\Obj\G1.axf" - 0 Error(s), 0 Warning(s).
Load "D:\\du an GSS\\firmware\\GitHub\\gss-g1\\PROJECTS\\projectGSS1\\keilC\\Obj\\G1.AXF" 
Erase Done.
Programming Done.
Verify OK.
Build target 'G1'
compiling main.c...
linking...
Program Size: Code=20868 RO-data=548 RW-data=264 ZI-data=2320  
FromELF: creating hex file...
".\keilC\Obj\G1.axf" - 0 Error(s), 0 Warning(s).
Load "D:\\du an GSS\\firmware\\GitHub\\gss-g1\\PROJECTS\\projectGSS1\\keilC\\Obj\\G1.AXF" 
Erase Done.
Programming Done.
Verify OK.
Build target 'G1'
compiling main.c...
main.c(496): warning:  #187-D: use of "=" where "==" may have been intended
main.c(514): warning:  #187-D: use of "=" where "==" may have been intended
linking...
Program Size: Code=20920 RO-data=548 RW-data=264 ZI-data=2320  
FromELF: creating hex file...
".\keilC\Obj\G1.axf" - 0 Error(s), 2 Warning(s).
Build target 'G1'
compiling main.c...
main.c(495): warning:  #187-D: use of "=" where "==" may have been intended
main.c(513): warning:  #187-D: use of "=" where "==" may have been intended
linking...
Program Size: Code=20896 RO-data=548 RW-data=264 ZI-data=2320  
FromELF: creating hex file...
".\keilC\Obj\G1.axf" - 0 Error(s), 2 Warning(s).
Build target 'G1'
linking...
Program Size: Code=20896 RO-data=548 RW-data=264 ZI-data=2320  
FromELF: creating hex file...
".\keilC\Obj\G1.axf" - 0 Error(s), 0 Warning(s).
Load "D:\\du an GSS\\firmware\\GitHub\\gss-g1\\PROJECTS\\projectGSS1\\keilC\\Obj\\G1.AXF" 
Erase Done.
Programming Done.
Verify OK.
Build target 'G1'
compiling main.c...
compiling gControlMotor.c...
linking...
Program Size: Code=20904 RO-data=548 RW-data=268 ZI-data=2324  
FromELF: creating hex file...
".\keilC\Obj\G1.axf" - 0 Error(s), 0 Warning(s).
Build target 'G1'
compiling main.c...
linking...
Program Size: Code=20904 RO-data=548 RW-data=268 ZI-data=2324  
FromELF: creating hex file...
".\keilC\Obj\G1.axf" - 0 Error(s), 0 Warning(s).
Build target 'G1'
linking...
Program Size: Code=20904 RO-data=548 RW-data=268 ZI-data=2324  
FromELF: creating hex file...
".\keilC\Obj\G1.axf" - 0 Error(s), 0 Warning(s).
Load "D:\\du an GSS\\firmware\\GitHub\\gss-g1\\PROJECTS\\projectGSS1\\keilC\\Obj\\G1.AXF" 
Erase Done.
Programming Done.
Verify OK.
