<html>
<body>
<pre>
<h1>µVision Build Log</h1>
<h2>Project:</h2>
D:\du an GSS\firmware\GitHub\gss-g1\PROJECTS\projectGSS1\G1.uvproj
Project File Date:  03/17/2013

<h2>Output:</h2>
Build target 'G1'
compiling main.c...
linking...
Program Size: Code=20148 RO-data=548 RW-data=260 ZI-data=2116  
FromELF: creating hex file...
".\keilC\Obj\G1.axf" - 0 Error(s), 0 Warning(s).
Build target 'G1'
linking...
Program Size: Code=20148 RO-data=548 RW-data=260 ZI-data=2116  
FromELF: creating hex file...
".\keilC\Obj\G1.axf" - 0 Error(s), 0 Warning(s).
Build target 'G1'
compiling main.c...
compiling gGPIO.c...
linking...
Program Size: Code=20148 RO-data=548 RW-data=260 ZI-data=2116  
FromELF: creating hex file...
".\keilC\Obj\G1.axf" - 0 Error(s), 0 Warning(s).
Load "D:\\du an GSS\\firmware\\GitHub\\gss-g1\\PROJECTS\\projectGSS1\\keilC\\Obj\\G1.AXF" 
Erase Done.
Programming Done.
Verify OK.
Build target 'G1'
compiling main.c...
linking...
Program Size: Code=20136 RO-data=548 RW-data=260 ZI-data=2116  
FromELF: creating hex file...
".\keilC\Obj\G1.axf" - 0 Error(s), 0 Warning(s).
Build target 'G1'
linking...
Program Size: Code=20136 RO-data=548 RW-data=260 ZI-data=2116  
FromELF: creating hex file...
".\keilC\Obj\G1.axf" - 0 Error(s), 0 Warning(s).
Load "D:\\du an GSS\\firmware\\GitHub\\gss-g1\\PROJECTS\\projectGSS1\\keilC\\Obj\\G1.AXF" 
Erase Done.
Programming Done.
Verify OK.
