ARM Linker, 4.1 [Build 894] [Standard]

==============================================================================

Section Cross References

    main.o(.text) refers to stm32f4xx_rcc.o(.text) for RCC_AHB1PeriphClockCmd
    main.o(.text) refers to stm32f4xx_gpio.o(.text) for GPIO_Init
    main.o(.text) refers to stm32f4xx_spi.o(.text) for SPI_Init
    main.o(.text) refers to gdelay.o(.text) for delayMs
    main.o(.text) refers to main.o(.data) for address_RX_FIFO
    main.o(.text) refers to main.o(.bss) for data_RX_FIFO
    main.o(.text) refers to ggpio.o(.text) for gpioInitMode
    main.o(.text) refers to gusart.o(.text) for usartInitMode
    main.o(.text) refers to misc.o(.text) for NVIC_PriorityGroupConfig
    main.o(.text) refers to printf2.o(i.__0sprintf$2) for __2sprintf
    system_stm32f4xx.o(.text) refers to system_stm32f4xx.o(.data) for SystemCoreClock
    stm32f4_discovery.o(.text) refers to stm32f4xx_rcc.o(.text) for RCC_AHB1PeriphClockCmd
    stm32f4_discovery.o(.text) refers to stm32f4xx_gpio.o(.text) for GPIO_Init
    stm32f4_discovery.o(.text) refers to stm32f4xx_syscfg.o(.text) for SYSCFG_EXTILineConfig
    stm32f4_discovery.o(.text) refers to stm32f4xx_exti.o(.text) for EXTI_Init
    stm32f4_discovery.o(.text) refers to misc.o(.text) for NVIC_Init
    stm32f4_discovery.o(.text) refers to stm32f4_discovery.o(.constdata) for GPIO_CLK
    stm32f4_discovery.o(.text) refers to stm32f4_discovery.o(.data) for GPIO_PORT
    stm32f4xx_adc.o(.text) refers to stm32f4xx_rcc.o(.text) for RCC_APB2PeriphResetCmd
    stm32f4xx_gpio.o(.text) refers to stm32f4xx_rcc.o(.text) for RCC_AHB1PeriphResetCmd
    stm32f4xx_rcc.o(.text) refers to stm32f4xx_rcc.o(.data) for APBAHBPrescTable
    stm32f4xx_syscfg.o(.text) refers to stm32f4xx_rcc.o(.text) for RCC_APB2PeriphResetCmd
    stm32f4xx_tim.o(.text) refers to stm32f4xx_rcc.o(.text) for RCC_APB2PeriphResetCmd
    stm32f4xx_usart.o(.text) refers to stm32f4xx_rcc.o(.text) for RCC_APB2PeriphResetCmd
    stm32f4xx_spi.o(.text) refers to stm32f4xx_rcc.o(.text) for RCC_APB2PeriphResetCmd
    startup_stm32f4xx.o(RESET) refers to startup_stm32f4xx.o(STACK) for __initial_sp
    startup_stm32f4xx.o(RESET) refers to startup_stm32f4xx.o(.text) for Reset_Handler
    startup_stm32f4xx.o(RESET) refers to stm32f4xx_it.o(.text) for NMI_Handler
    startup_stm32f4xx.o(RESET) refers to main.o(.text) for SPI1_IRQHandler
    startup_stm32f4xx.o(.text) refers to system_stm32f4xx.o(.text) for SystemInit
    startup_stm32f4xx.o(.text) refers to entry.o(.ARM.Collect$$$$00000000) for __main
    gadc.o(.text) refers to stm32f4xx_adc.o(.text) for ADC_Init
    gadc.o(.text) refers to stm32f4xx_rcc.o(.text) for RCC_AHB1PeriphClockCmd
    gadc.o(.text) refers to stm32f4xx_dma.o(.text) for DMA_Init
    gadc.o(.text) refers to ggpio.o(.text) for gpioSetMode
    gadc.o(.text) refers to gadc.o(.bss) for ADCDualConvertedValue
    gadc.o(.text) refers to gadc.o(.data) for ADCVal
    gcontrolmotor.o(.text) refers to ggpio.o(.text) for gpioSetMode
    gcontrolmotor.o(.text) refers to stm32f4xx_gpio.o(.text) for GPIO_PinAFConfig
    gcontrolmotor.o(.text) refers to gtim.o(.text) for setModePwm
    gexti.o(.text) refers to stm32f4xx_rcc.o(.text) for RCC_APB2PeriphClockCmd
    gexti.o(.text) refers to stm32f4xx_exti.o(.text) for EXTI_Init
    gexti.o(.text) refers to misc.o(.text) for NVIC_Init
    gexti.o(.text) refers to stm32f4xx_syscfg.o(.text) for SYSCFG_EXTILineConfig
    ggpio.o(.text) refers to stm32f4xx_rcc.o(.text) for RCC_AHB1PeriphClockCmd
    ggpio.o(.text) refers to stm32f4xx_gpio.o(.text) for GPIO_Init
    gpid.o(.text) refers to dadd.o(.text) for __aeabi_dadd
    gpid.o(.text) refers to dmul.o(.text) for __aeabi_dmul
    gtim.o(.text) refers to stm32f4xx_rcc.o(.text) for RCC_APB2PeriphClockCmd
    gtim.o(.text) refers to stm32f4xx_gpio.o(.text) for GPIO_Init
    gtim.o(.text) refers to misc.o(.text) for NVIC_Init
    gtim.o(.text) refers to stm32f4xx_tim.o(.text) for TIM_TimeBaseInit
    gtim.o(.text) refers to system_stm32f4xx.o(.data) for SystemCoreClock
    gtim.o(.text) refers to gtim.o(.bss) for CCR_Val
    gtim.o(.text) refers to gtim.o(.data) for PrescalerValue
    gusart.o(.text) refers to stm32f4xx_rcc.o(.text) for RCC_APB1PeriphClockCmd
    gusart.o(.text) refers to stm32f4xx_usart.o(.text) for USART_Init
    gusart.o(.text) refers to misc.o(.text) for NVIC_PriorityGroupConfig
    gusart.o(.text) refers to ggpio.o(.text) for gpioSetMode
    gusart.o(.text) refers to stm32f4xx_gpio.o(.text) for GPIO_PinAFConfig
    glcd.o(.text) refers to stm32f4xx_gpio.o(.text) for GPIO_Write
    glcd.o(.text) refers to gdelay.o(.text) for delayMs
    glcd.o(.text) refers to ggpio.o(.text) for gpioSetMode
    entry.o(.ARM.Collect$$$$00000000) refers (Special) to entry7b.o(.ARM.Collect$$$$00000008) for _main_clock
    entry.o(.ARM.Collect$$$$00000000) refers (Special) to entry8.o(.ARM.Collect$$$$00000009) for _main_init
    entry.o(.ARM.Collect$$$$00000000) refers (Special) to entry5.o(.ARM.Collect$$$$00000004) for _main_scatterload
    entry.o(.ARM.Collect$$$$00000000) refers (Special) to entry2.o(.ARM.Collect$$$$00000001) for _main_stk
    printfb.o(i.__0fprintf$bare) refers to printfb.o(i._printf_core) for _printf_core
    printfb.o(i.__0fprintf$bare) refers to fputc.o(i.fputc) for fputc
    printfb.o(i.__0printf$bare) refers to printfb.o(i._printf_core) for _printf_core
    printfb.o(i.__0printf$bare) refers to fputc.o(i.fputc) for fputc
    printfb.o(i.__0printf$bare) refers to stdout.o(.data) for __stdout
    printfb.o(i.__0snprintf$bare) refers to printfb.o(i._printf_core) for _printf_core
    printfb.o(i.__0snprintf$bare) refers to printfb.o(i._snputc) for _snputc
    printfb.o(i.__0sprintf$bare) refers to printfb.o(i._printf_core) for _printf_core
    printfb.o(i.__0sprintf$bare) refers to printfb.o(i._sputc) for _sputc
    printfb.o(i.__0vfprintf$bare) refers to printfb.o(i._printf_core) for _printf_core
    printfb.o(i.__0vfprintf$bare) refers to fputc.o(i.fputc) for fputc
    printfb.o(i.__0vprintf$bare) refers to printfb.o(i._printf_core) for _printf_core
    printfb.o(i.__0vprintf$bare) refers to fputc.o(i.fputc) for fputc
    printfb.o(i.__0vprintf$bare) refers to stdout.o(.data) for __stdout
    printfb.o(i.__0vsnprintf$bare) refers to printfb.o(i._printf_core) for _printf_core
    printfb.o(i.__0vsnprintf$bare) refers to printfb.o(i._snputc) for _snputc
    printfb.o(i.__0vsprintf$bare) refers to printfb.o(i._printf_core) for _printf_core
    printfb.o(i.__0vsprintf$bare) refers to printfb.o(i._sputc) for _sputc
    printf0.o(i.__0fprintf$0) refers to printf0.o(i._printf_core) for _printf_core
    printf0.o(i.__0fprintf$0) refers to fputc.o(i.fputc) for fputc
    printf0.o(i.__0printf$0) refers to printf0.o(i._printf_core) for _printf_core
    printf0.o(i.__0printf$0) refers to fputc.o(i.fputc) for fputc
    printf0.o(i.__0printf$0) refers to stdout.o(.data) for __stdout
    printf0.o(i.__0snprintf$0) refers to printf0.o(i._printf_core) for _printf_core
    printf0.o(i.__0snprintf$0) refers to printf0.o(i._snputc) for _snputc
    printf0.o(i.__0sprintf$0) refers to printf0.o(i._printf_core) for _printf_core
    printf0.o(i.__0sprintf$0) refers to printf0.o(i._sputc) for _sputc
    printf0.o(i.__0vfprintf$0) refers to printf0.o(i._printf_core) for _printf_core
    printf0.o(i.__0vfprintf$0) refers to fputc.o(i.fputc) for fputc
    printf0.o(i.__0vprintf$0) refers to printf0.o(i._printf_core) for _printf_core
    printf0.o(i.__0vprintf$0) refers to fputc.o(i.fputc) for fputc
    printf0.o(i.__0vprintf$0) refers to stdout.o(.data) for __stdout
    printf0.o(i.__0vsnprintf$0) refers to printf0.o(i._printf_core) for _printf_core
    printf0.o(i.__0vsnprintf$0) refers to printf0.o(i._snputc) for _snputc
    printf0.o(i.__0vsprintf$0) refers to printf0.o(i._printf_core) for _printf_core
    printf0.o(i.__0vsprintf$0) refers to printf0.o(i._sputc) for _sputc
    printf1.o(i.__0fprintf$1) refers to printf1.o(i._printf_core) for _printf_core
    printf1.o(i.__0fprintf$1) refers to fputc.o(i.fputc) for fputc
    printf1.o(i.__0printf$1) refers to printf1.o(i._printf_core) for _printf_core
    printf1.o(i.__0printf$1) refers to fputc.o(i.fputc) for fputc
    printf1.o(i.__0printf$1) refers to stdout.o(.data) for __stdout
    printf1.o(i.__0snprintf$1) refers to printf1.o(i._printf_core) for _printf_core
    printf1.o(i.__0snprintf$1) refers to printf1.o(i._snputc) for _snputc
    printf1.o(i.__0sprintf$1) refers to printf1.o(i._printf_core) for _printf_core
    printf1.o(i.__0sprintf$1) refers to printf1.o(i._sputc) for _sputc
    printf1.o(i.__0vfprintf$1) refers to printf1.o(i._printf_core) for _printf_core
    printf1.o(i.__0vfprintf$1) refers to fputc.o(i.fputc) for fputc
    printf1.o(i.__0vprintf$1) refers to printf1.o(i._printf_core) for _printf_core
    printf1.o(i.__0vprintf$1) refers to fputc.o(i.fputc) for fputc
    printf1.o(i.__0vprintf$1) refers to stdout.o(.data) for __stdout
    printf1.o(i.__0vsnprintf$1) refers to printf1.o(i._printf_core) for _printf_core
    printf1.o(i.__0vsnprintf$1) refers to printf1.o(i._snputc) for _snputc
    printf1.o(i.__0vsprintf$1) refers to printf1.o(i._printf_core) for _printf_core
    printf1.o(i.__0vsprintf$1) refers to printf1.o(i._sputc) for _sputc
    printf1.o(i._printf_core) refers to uidiv.o(.text) for __aeabi_uidivmod
    printf2.o(i.__0fprintf$2) refers to printf2.o(i._printf_core) for _printf_core
    printf2.o(i.__0fprintf$2) refers to fputc.o(i.fputc) for fputc
    printf2.o(i.__0printf$2) refers to printf2.o(i._printf_core) for _printf_core
    printf2.o(i.__0printf$2) refers to fputc.o(i.fputc) for fputc
    printf2.o(i.__0printf$2) refers to stdout.o(.data) for __stdout
    printf2.o(i.__0snprintf$2) refers to printf2.o(i._printf_core) for _printf_core
    printf2.o(i.__0snprintf$2) refers to printf2.o(i._snputc) for _snputc
    printf2.o(i.__0sprintf$2) refers to printf2.o(i._printf_core) for _printf_core
    printf2.o(i.__0sprintf$2) refers to printf2.o(i._sputc) for _sputc
    printf2.o(i.__0vfprintf$2) refers to printf2.o(i._printf_core) for _printf_core
    printf2.o(i.__0vfprintf$2) refers to fputc.o(i.fputc) for fputc
    printf2.o(i.__0vprintf$2) refers to printf2.o(i._printf_core) for _printf_core
    printf2.o(i.__0vprintf$2) refers to fputc.o(i.fputc) for fputc
    printf2.o(i.__0vprintf$2) refers to stdout.o(.data) for __stdout
    printf2.o(i.__0vsnprintf$2) refers to printf2.o(i._printf_core) for _printf_core
    printf2.o(i.__0vsnprintf$2) refers to printf2.o(i._snputc) for _snputc
    printf2.o(i.__0vsprintf$2) refers to printf2.o(i._printf_core) for _printf_core
    printf2.o(i.__0vsprintf$2) refers to printf2.o(i._sputc) for _sputc
    printf3.o(i.__0fprintf$3) refers to printf3.o(i._printf_core) for _printf_core
    printf3.o(i.__0fprintf$3) refers to fputc.o(i.fputc) for fputc
    printf3.o(i.__0printf$3) refers to printf3.o(i._printf_core) for _printf_core
    printf3.o(i.__0printf$3) refers to fputc.o(i.fputc) for fputc
    printf3.o(i.__0printf$3) refers to stdout.o(.data) for __stdout
    printf3.o(i.__0snprintf$3) refers to printf3.o(i._printf_core) for _printf_core
    printf3.o(i.__0snprintf$3) refers to printf3.o(i._snputc) for _snputc
    printf3.o(i.__0sprintf$3) refers to printf3.o(i._printf_core) for _printf_core
    printf3.o(i.__0sprintf$3) refers to printf3.o(i._sputc) for _sputc
    printf3.o(i.__0vfprintf$3) refers to printf3.o(i._printf_core) for _printf_core
    printf3.o(i.__0vfprintf$3) refers to fputc.o(i.fputc) for fputc
    printf3.o(i.__0vprintf$3) refers to printf3.o(i._printf_core) for _printf_core
    printf3.o(i.__0vprintf$3) refers to fputc.o(i.fputc) for fputc
    printf3.o(i.__0vprintf$3) refers to stdout.o(.data) for __stdout
    printf3.o(i.__0vsnprintf$3) refers to printf3.o(i._printf_core) for _printf_core
    printf3.o(i.__0vsnprintf$3) refers to printf3.o(i._snputc) for _snputc
    printf3.o(i.__0vsprintf$3) refers to printf3.o(i._printf_core) for _printf_core
    printf3.o(i.__0vsprintf$3) refers to printf3.o(i._sputc) for _sputc
    printf3.o(i._printf_core) refers to uidiv.o(.text) for __aeabi_uidivmod
    printf4.o(i.__0fprintf$4) refers to printf4.o(i._printf_core) for _printf_core
    printf4.o(i.__0fprintf$4) refers to fputc.o(i.fputc) for fputc
    printf4.o(i.__0printf$4) refers to printf4.o(i._printf_core) for _printf_core
    printf4.o(i.__0printf$4) refers to fputc.o(i.fputc) for fputc
    printf4.o(i.__0printf$4) refers to stdout.o(.data) for __stdout
    printf4.o(i.__0snprintf$4) refers to printf4.o(i._printf_core) for _printf_core
    printf4.o(i.__0snprintf$4) refers to printf4.o(i._snputc) for _snputc
    printf4.o(i.__0sprintf$4) refers to printf4.o(i._printf_core) for _printf_core
    printf4.o(i.__0sprintf$4) refers to printf4.o(i._sputc) for _sputc
    printf4.o(i.__0vfprintf$4) refers to printf4.o(i._printf_core) for _printf_core
    printf4.o(i.__0vfprintf$4) refers to fputc.o(i.fputc) for fputc
    printf4.o(i.__0vprintf$4) refers to printf4.o(i._printf_core) for _printf_core
    printf4.o(i.__0vprintf$4) refers to fputc.o(i.fputc) for fputc
    printf4.o(i.__0vprintf$4) refers to stdout.o(.data) for __stdout
    printf4.o(i.__0vsnprintf$4) refers to printf4.o(i._printf_core) for _printf_core
    printf4.o(i.__0vsnprintf$4) refers to printf4.o(i._snputc) for _snputc
    printf4.o(i.__0vsprintf$4) refers to printf4.o(i._printf_core) for _printf_core
    printf4.o(i.__0vsprintf$4) refers to printf4.o(i._sputc) for _sputc
    printf4.o(i._printf_core) refers to uldiv.o(.text) for __aeabi_uldivmod
    printf5.o(i.__0fprintf$5) refers to printf5.o(i._printf_core) for _printf_core
    printf5.o(i.__0fprintf$5) refers to fputc.o(i.fputc) for fputc
    printf5.o(i.__0printf$5) refers to printf5.o(i._printf_core) for _printf_core
    printf5.o(i.__0printf$5) refers to fputc.o(i.fputc) for fputc
    printf5.o(i.__0printf$5) refers to stdout.o(.data) for __stdout
    printf5.o(i.__0snprintf$5) refers to printf5.o(i._printf_core) for _printf_core
    printf5.o(i.__0snprintf$5) refers to printf5.o(i._snputc) for _snputc
    printf5.o(i.__0sprintf$5) refers to printf5.o(i._printf_core) for _printf_core
    printf5.o(i.__0sprintf$5) refers to printf5.o(i._sputc) for _sputc
    printf5.o(i.__0vfprintf$5) refers to printf5.o(i._printf_core) for _printf_core
    printf5.o(i.__0vfprintf$5) refers to fputc.o(i.fputc) for fputc
    printf5.o(i.__0vprintf$5) refers to printf5.o(i._printf_core) for _printf_core
    printf5.o(i.__0vprintf$5) refers to fputc.o(i.fputc) for fputc
    printf5.o(i.__0vprintf$5) refers to stdout.o(.data) for __stdout
    printf5.o(i.__0vsnprintf$5) refers to printf5.o(i._printf_core) for _printf_core
    printf5.o(i.__0vsnprintf$5) refers to printf5.o(i._snputc) for _snputc
    printf5.o(i.__0vsprintf$5) refers to printf5.o(i._printf_core) for _printf_core
    printf5.o(i.__0vsprintf$5) refers to printf5.o(i._sputc) for _sputc
    printf5.o(i._printf_core) refers to uldiv.o(.text) for __aeabi_uldivmod
    printf6.o(i.__0fprintf$6) refers to printf6.o(i._printf_core) for _printf_core
    printf6.o(i.__0fprintf$6) refers to fputc.o(i.fputc) for fputc
    printf6.o(i.__0printf$6) refers to printf6.o(i._printf_core) for _printf_core
    printf6.o(i.__0printf$6) refers to fputc.o(i.fputc) for fputc
    printf6.o(i.__0printf$6) refers to stdout.o(.data) for __stdout
    printf6.o(i.__0snprintf$6) refers to printf6.o(i._printf_core) for _printf_core
    printf6.o(i.__0snprintf$6) refers to printf6.o(i._snputc) for _snputc
    printf6.o(i.__0sprintf$6) refers to printf6.o(i._printf_core) for _printf_core
    printf6.o(i.__0sprintf$6) refers to printf6.o(i._sputc) for _sputc
    printf6.o(i.__0vfprintf$6) refers to printf6.o(i._printf_core) for _printf_core
    printf6.o(i.__0vfprintf$6) refers to fputc.o(i.fputc) for fputc
    printf6.o(i.__0vprintf$6) refers to printf6.o(i._printf_core) for _printf_core
    printf6.o(i.__0vprintf$6) refers to fputc.o(i.fputc) for fputc
    printf6.o(i.__0vprintf$6) refers to stdout.o(.data) for __stdout
    printf6.o(i.__0vsnprintf$6) refers to printf6.o(i._printf_core) for _printf_core
    printf6.o(i.__0vsnprintf$6) refers to printf6.o(i._snputc) for _snputc
    printf6.o(i.__0vsprintf$6) refers to printf6.o(i._printf_core) for _printf_core
    printf6.o(i.__0vsprintf$6) refers to printf6.o(i._sputc) for _sputc
    printf6.o(i._printf_core) refers to printf6.o(i._printf_pre_padding) for _printf_pre_padding
    printf6.o(i._printf_core) refers to uidiv.o(.text) for __aeabi_uidivmod
    printf6.o(i._printf_core) refers to printf6.o(i._printf_post_padding) for _printf_post_padding
    printf7.o(i.__0fprintf$7) refers to printf7.o(i._printf_core) for _printf_core
    printf7.o(i.__0fprintf$7) refers to fputc.o(i.fputc) for fputc
    printf7.o(i.__0printf$7) refers to printf7.o(i._printf_core) for _printf_core
    printf7.o(i.__0printf$7) refers to fputc.o(i.fputc) for fputc
    printf7.o(i.__0printf$7) refers to stdout.o(.data) for __stdout
    printf7.o(i.__0snprintf$7) refers to printf7.o(i._printf_core) for _printf_core
    printf7.o(i.__0snprintf$7) refers to printf7.o(i._snputc) for _snputc
    printf7.o(i.__0sprintf$7) refers to printf7.o(i._printf_core) for _printf_core
    printf7.o(i.__0sprintf$7) refers to printf7.o(i._sputc) for _sputc
    printf7.o(i.__0vfprintf$7) refers to printf7.o(i._printf_core) for _printf_core
    printf7.o(i.__0vfprintf$7) refers to fputc.o(i.fputc) for fputc
    printf7.o(i.__0vprintf$7) refers to printf7.o(i._printf_core) for _printf_core
    printf7.o(i.__0vprintf$7) refers to fputc.o(i.fputc) for fputc
    printf7.o(i.__0vprintf$7) refers to stdout.o(.data) for __stdout
    printf7.o(i.__0vsnprintf$7) refers to printf7.o(i._printf_core) for _printf_core
    printf7.o(i.__0vsnprintf$7) refers to printf7.o(i._snputc) for _snputc
    printf7.o(i.__0vsprintf$7) refers to printf7.o(i._printf_core) for _printf_core
    printf7.o(i.__0vsprintf$7) refers to printf7.o(i._sputc) for _sputc
    printf7.o(i._printf_core) refers to printf7.o(i._printf_pre_padding) for _printf_pre_padding
    printf7.o(i._printf_core) refers to uldiv.o(.text) for __aeabi_uldivmod
    printf7.o(i._printf_core) refers to printf7.o(i._printf_post_padding) for _printf_post_padding
    printf8.o(i.__0fprintf$8) refers to printf8.o(i._printf_core) for _printf_core
    printf8.o(i.__0fprintf$8) refers to fputc.o(i.fputc) for fputc
    printf8.o(i.__0printf$8) refers to printf8.o(i._printf_core) for _printf_core
    printf8.o(i.__0printf$8) refers to fputc.o(i.fputc) for fputc
    printf8.o(i.__0printf$8) refers to stdout.o(.data) for __stdout
    printf8.o(i.__0snprintf$8) refers to printf8.o(i._printf_core) for _printf_core
    printf8.o(i.__0snprintf$8) refers to printf8.o(i._snputc) for _snputc
    printf8.o(i.__0sprintf$8) refers to printf8.o(i._printf_core) for _printf_core
    printf8.o(i.__0sprintf$8) refers to printf8.o(i._sputc) for _sputc
    printf8.o(i.__0vfprintf$8) refers to printf8.o(i._printf_core) for _printf_core
    printf8.o(i.__0vfprintf$8) refers to fputc.o(i.fputc) for fputc
    printf8.o(i.__0vprintf$8) refers to printf8.o(i._printf_core) for _printf_core
    printf8.o(i.__0vprintf$8) refers to fputc.o(i.fputc) for fputc
    printf8.o(i.__0vprintf$8) refers to stdout.o(.data) for __stdout
    printf8.o(i.__0vsnprintf$8) refers to printf8.o(i._printf_core) for _printf_core
    printf8.o(i.__0vsnprintf$8) refers to printf8.o(i._snputc) for _snputc
    printf8.o(i.__0vsprintf$8) refers to printf8.o(i._printf_core) for _printf_core
    printf8.o(i.__0vsprintf$8) refers to printf8.o(i._sputc) for _sputc
    printf8.o(i._printf_core) refers to printf8.o(i._printf_pre_padding) for _printf_pre_padding
    printf8.o(i._printf_core) refers to uldiv.o(.text) for __aeabi_uldivmod
    printf8.o(i._printf_core) refers to printf8.o(i._printf_post_padding) for _printf_post_padding
    printfa.o(i.__0fprintf) refers (Special) to iusefp.o(.text) for __I$use$fp
    printfa.o(i.__0fprintf) refers to printfa.o(i._printf_core) for _printf_core
    printfa.o(i.__0fprintf) refers to fputc.o(i.fputc) for fputc
    printfa.o(i.__0printf) refers (Special) to iusefp.o(.text) for __I$use$fp
    printfa.o(i.__0printf) refers to printfa.o(i._printf_core) for _printf_core
    printfa.o(i.__0printf) refers to fputc.o(i.fputc) for fputc
    printfa.o(i.__0printf) refers to stdout.o(.data) for __stdout
    printfa.o(i.__0snprintf) refers (Special) to iusefp.o(.text) for __I$use$fp
    printfa.o(i.__0snprintf) refers to printfa.o(i._printf_core) for _printf_core
    printfa.o(i.__0snprintf) refers to printfa.o(i._snputc) for _snputc
    printfa.o(i.__0sprintf) refers (Special) to iusefp.o(.text) for __I$use$fp
    printfa.o(i.__0sprintf) refers to printfa.o(i._printf_core) for _printf_core
    printfa.o(i.__0sprintf) refers to printfa.o(i._sputc) for _sputc
    printfa.o(i.__0vfprintf) refers (Special) to iusefp.o(.text) for __I$use$fp
    printfa.o(i.__0vfprintf) refers to printfa.o(i._printf_core) for _printf_core
    printfa.o(i.__0vfprintf) refers to fputc.o(i.fputc) for fputc
    printfa.o(i.__0vprintf) refers (Special) to iusefp.o(.text) for __I$use$fp
    printfa.o(i.__0vprintf) refers to printfa.o(i._printf_core) for _printf_core
    printfa.o(i.__0vprintf) refers to fputc.o(i.fputc) for fputc
    printfa.o(i.__0vprintf) refers to stdout.o(.data) for __stdout
    printfa.o(i.__0vsnprintf) refers (Special) to iusefp.o(.text) for __I$use$fp
    printfa.o(i.__0vsnprintf) refers to printfa.o(i._printf_core) for _printf_core
    printfa.o(i.__0vsnprintf) refers to printfa.o(i._snputc) for _snputc
    printfa.o(i.__0vsprintf) refers (Special) to iusefp.o(.text) for __I$use$fp
    printfa.o(i.__0vsprintf) refers to printfa.o(i._printf_core) for _printf_core
    printfa.o(i.__0vsprintf) refers to printfa.o(i._sputc) for _sputc
    printfa.o(i._fp_digits) refers (Special) to iusefp.o(.text) for __I$use$fp
    printfa.o(i._fp_digits) refers to dmul.o(.text) for __aeabi_dmul
    printfa.o(i._fp_digits) refers to ddiv.o(.text) for __aeabi_ddiv
    printfa.o(i._fp_digits) refers to cdrcmple.o(.text) for __aeabi_cdrcmple
    printfa.o(i._fp_digits) refers to dadd.o(.text) for __aeabi_dadd
    printfa.o(i._fp_digits) refers to dfixul.o(.text) for __aeabi_d2ulz
    printfa.o(i._fp_digits) refers to uldiv.o(.text) for __aeabi_uldivmod
    printfa.o(i._printf_core) refers (Special) to iusefp.o(.text) for __I$use$fp
    printfa.o(i._printf_core) refers to printfa.o(i._printf_pre_padding) for _printf_pre_padding
    printfa.o(i._printf_core) refers to uldiv.o(.text) for __aeabi_uldivmod
    printfa.o(i._printf_core) refers to printfa.o(i._printf_post_padding) for _printf_post_padding
    printfa.o(i._printf_core) refers to printfa.o(i._fp_digits) for _fp_digits
    printfa.o(i._printf_core) refers to uidiv.o(.text) for __aeabi_uidivmod
    printfa.o(i._printf_post_padding) refers (Special) to iusefp.o(.text) for __I$use$fp
    printfa.o(i._printf_pre_padding) refers (Special) to iusefp.o(.text) for __I$use$fp
    printfa.o(i._snputc) refers (Special) to iusefp.o(.text) for __I$use$fp
    printfa.o(i._sputc) refers (Special) to iusefp.o(.text) for __I$use$fp
    dadd.o(.text) refers (Special) to iusefp.o(.text) for __I$use$fp
    dadd.o(.text) refers to llshl.o(.text) for __aeabi_llsl
    dadd.o(.text) refers to llsshr.o(.text) for __aeabi_lasr
    dadd.o(.text) refers to depilogue.o(.text) for _double_epilogue
    dmul.o(.text) refers (Special) to iusefp.o(.text) for __I$use$fp
    dmul.o(.text) refers to depilogue.o(.text) for _double_epilogue
    entry2.o(.ARM.Collect$$$$00000001) refers to entry2.o(.ARM.Collect$$$$00002712) for __lit__00000000
    entry2.o(.ARM.Collect$$$$00002712) refers to startup_stm32f4xx.o(STACK) for __initial_sp
    entry2.o(__vectab_stack_and_reset_area) refers to startup_stm32f4xx.o(STACK) for __initial_sp
    entry2.o(__vectab_stack_and_reset_area) refers to entry.o(.ARM.Collect$$$$00000000) for __main
    entry5.o(.ARM.Collect$$$$00000004) refers to init.o(.text) for __scatterload
    entry8.o(.ARM.Collect$$$$00000009) refers to main.o(.text) for main
    fputc.o(i.fputc) refers (Special) to iusesemip.o(.text) for __I$use$semihosting$fputc
    fputc.o(i.fputc) refers (Special) to semi.o(.text) for __semihosting_library_function
    uldiv.o(.text) refers to llushr.o(.text) for __aeabi_llsr
    uldiv.o(.text) refers to llshl.o(.text) for __aeabi_llsl
    depilogue.o(.text) refers to llshl.o(.text) for __aeabi_llsl
    depilogue.o(.text) refers to llushr.o(.text) for __aeabi_llsr
    ddiv.o(.text) refers to depilogue.o(.text) for _double_round
    dfixul.o(.text) refers to llushr.o(.text) for __aeabi_llsr
    dfixul.o(.text) refers to llshl.o(.text) for __aeabi_llsl
    init.o(.text) refers to entry5.o(.ARM.Collect$$$$00000004) for __main_after_scatterload


==============================================================================

Removing Unused input sections from the image.

    Removing main.o(.emb_text), (8 bytes).
    Removing main.o(.constdata), (8 bytes).
    Removing stm32f4xx_it.o(.emb_text), (8 bytes).
    Removing system_stm32f4xx.o(.emb_text), (8 bytes).
    Removing stm32f4_discovery.o(.emb_text), (8 bytes).
    Removing stm32f4_discovery.o(.text), (324 bytes).
    Removing stm32f4_discovery.o(.constdata), (37 bytes).
    Removing stm32f4_discovery.o(.data), (24 bytes).
    Removing misc.o(.emb_text), (8 bytes).
    Removing stm32f4xx_adc.o(.emb_text), (8 bytes).
    Removing stm32f4xx_adc.o(.text), (1118 bytes).
    Removing stm32f4xx_dma.o(.emb_text), (8 bytes).
    Removing stm32f4xx_dma.o(.text), (932 bytes).
    Removing stm32f4xx_exti.o(.emb_text), (8 bytes).
    Removing stm32f4xx_exti.o(.text), (284 bytes).
    Removing stm32f4xx_gpio.o(.emb_text), (8 bytes).
    Removing stm32f4xx_rcc.o(.emb_text), (8 bytes).
    Removing stm32f4xx_syscfg.o(.emb_text), (8 bytes).
    Removing stm32f4xx_syscfg.o(.text), (140 bytes).
    Removing stm32f4xx_tim.o(.emb_text), (8 bytes).
    Removing stm32f4xx_tim.o(.text), (3130 bytes).
    Removing stm32f4xx_usart.o(.emb_text), (8 bytes).
    Removing stm32f4xx_spi.o(.emb_text), (8 bytes).
    Removing startup_stm32f4xx.o(HEAP), (512 bytes).
    Removing gadc.o(.emb_text), (8 bytes).
    Removing gadc.o(.text), (392 bytes).
    Removing gadc.o(.bss), (40 bytes).
    Removing gadc.o(.data), (6 bytes).
    Removing gcontrolmotor.o(.emb_text), (8 bytes).
    Removing gcontrolmotor.o(.text), (328 bytes).
    Removing gdelay.o(.emb_text), (8 bytes).
    Removing gexti.o(.emb_text), (8 bytes).
    Removing gexti.o(.text), (290 bytes).
    Removing ggpio.o(.emb_text), (8 bytes).
    Removing gpid.o(.text), (346 bytes).
    Removing gtim.o(.emb_text), (8 bytes).
    Removing gtim.o(.text), (1624 bytes).
    Removing gtim.o(.bss), (300 bytes).
    Removing gtim.o(.data), (2 bytes).
    Removing gusart.o(.emb_text), (8 bytes).
    Removing glcd.o(.emb_text), (8 bytes).
    Removing glcd.o(.text), (540 bytes).
    Removing dadd.o(.text), (332 bytes).
    Removing dmul.o(.text), (224 bytes).
    Removing depilogue.o(.text), (190 bytes).
    Removing ddiv.o(.text), (222 bytes).
    Removing dfixul.o(.text), (48 bytes).
    Removing cdrcmple.o(.text), (40 bytes).

48 unused section(s) (total 11609 bytes) removed from the image.

==============================================================================

Image Symbol Table

    Local Symbols

    Symbol Name                              Value     Ov Type        Size  Object(Section)

    ../../microlib/division.c                0x00000000   Number         0  uldiv.o ABSOLUTE
    ../../microlib/division.c                0x00000000   Number         0  uidiv.o ABSOLUTE
    ../../microlib/fpadd.c                   0x00000000   Number         0  dadd.o ABSOLUTE
    ../../microlib/fpdiv.c                   0x00000000   Number         0  ddiv.o ABSOLUTE
    ../../microlib/fpepilogue.c              0x00000000   Number         0  depilogue.o ABSOLUTE
    ../../microlib/fpfix.c                   0x00000000   Number         0  dfixul.o ABSOLUTE
    ../../microlib/fpmul.c                   0x00000000   Number         0  dmul.o ABSOLUTE
    ../../microlib/init/entry.s              0x00000000   Number         0  entry.o ABSOLUTE
    ../../microlib/init/entry.s              0x00000000   Number         0  entry2.o ABSOLUTE
    ../../microlib/init/entry.s              0x00000000   Number         0  entry7b.o ABSOLUTE
    ../../microlib/init/entry.s              0x00000000   Number         0  entry7a.o ABSOLUTE
    ../../microlib/init/entry.s              0x00000000   Number         0  entry5.o ABSOLUTE
    ../../microlib/init/entry.s              0x00000000   Number         0  entry8.o ABSOLUTE
    ../../microlib/longlong.c                0x00000000   Number         0  llshl.o ABSOLUTE
    ../../microlib/longlong.c                0x00000000   Number         0  llsshr.o ABSOLUTE
    ../../microlib/longlong.c                0x00000000   Number         0  llushr.o ABSOLUTE
    ../../microlib/printf/printf.c           0x00000000   Number         0  printf2.o ABSOLUTE
    ../../microlib/printf/printf.c           0x00000000   Number         0  printf7.o ABSOLUTE
    ../../microlib/printf/printf.c           0x00000000   Number         0  printf6.o ABSOLUTE
    ../../microlib/printf/printf.c           0x00000000   Number         0  printf5.o ABSOLUTE
    ../../microlib/printf/printf.c           0x00000000   Number         0  printf4.o ABSOLUTE
    ../../microlib/printf/printf.c           0x00000000   Number         0  printf3.o ABSOLUTE
    ../../microlib/printf/printf.c           0x00000000   Number         0  printf8.o ABSOLUTE
    ../../microlib/printf/printf.c           0x00000000   Number         0  printf0.o ABSOLUTE
    ../../microlib/printf/printf.c           0x00000000   Number         0  printf1.o ABSOLUTE
    ../../microlib/printf/printf.c           0x00000000   Number         0  printfb.o ABSOLUTE
    ../../microlib/printf/printf.c           0x00000000   Number         0  printfa.o ABSOLUTE
    ../../microlib/printf/stubs.s            0x00000000   Number         0  stubs.o ABSOLUTE
    ../../microlib/stdio/fputc.c             0x00000000   Number         0  fputc.o ABSOLUTE
    ../../microlib/stdio/semi.s              0x00000000   Number         0  semi.o ABSOLUTE
    ../../microlib/stdio/streams.c           0x00000000   Number         0  stdout.o ABSOLUTE
    ../../microlib/stubs.s                   0x00000000   Number         0  iusefp.o ABSOLUTE
    ../../microlib/stubs.s                   0x00000000   Number         0  iusesemip.o ABSOLUTE
    ..\..\LIB\CMSIS\ST\STM32F4xx\Source\Templates\arm\startup_stm32f4xx.s 0x00000000   Number         0  startup_stm32f4xx.o ABSOLUTE
    ..\..\LIB\G_LIB\gADC.c                   0x00000000   Number         0  gadc.o ABSOLUTE
    ..\..\LIB\G_LIB\gControlMotor.c          0x00000000   Number         0  gcontrolmotor.o ABSOLUTE
    ..\..\LIB\G_LIB\gDelay.c                 0x00000000   Number         0  gdelay.o ABSOLUTE
    ..\..\LIB\G_LIB\gEXTI.c                  0x00000000   Number         0  gexti.o ABSOLUTE
    ..\..\LIB\G_LIB\gGPIO.c                  0x00000000   Number         0  ggpio.o ABSOLUTE
    ..\..\LIB\G_LIB\gLCD.c                   0x00000000   Number         0  glcd.o ABSOLUTE
    ..\..\LIB\G_LIB\gPID.c                   0x00000000   Number         0  gpid.o ABSOLUTE
    ..\..\LIB\G_LIB\gTIM.c                   0x00000000   Number         0  gtim.o ABSOLUTE
    ..\..\LIB\G_LIB\gUSART.c                 0x00000000   Number         0  gusart.o ABSOLUTE
    ..\..\LIB\STM32F4xx_StdPeriph_Driver\src\misc.c 0x00000000   Number         0  misc.o ABSOLUTE
    ..\..\LIB\STM32F4xx_StdPeriph_Driver\src\stm32f4xx_adc.c 0x00000000   Number         0  stm32f4xx_adc.o ABSOLUTE
    ..\..\LIB\STM32F4xx_StdPeriph_Driver\src\stm32f4xx_dma.c 0x00000000   Number         0  stm32f4xx_dma.o ABSOLUTE
    ..\..\LIB\STM32F4xx_StdPeriph_Driver\src\stm32f4xx_exti.c 0x00000000   Number         0  stm32f4xx_exti.o ABSOLUTE
    ..\..\LIB\STM32F4xx_StdPeriph_Driver\src\stm32f4xx_gpio.c 0x00000000   Number         0  stm32f4xx_gpio.o ABSOLUTE
    ..\..\LIB\STM32F4xx_StdPeriph_Driver\src\stm32f4xx_rcc.c 0x00000000   Number         0  stm32f4xx_rcc.o ABSOLUTE
    ..\..\LIB\STM32F4xx_StdPeriph_Driver\src\stm32f4xx_spi.c 0x00000000   Number         0  stm32f4xx_spi.o ABSOLUTE
    ..\..\LIB\STM32F4xx_StdPeriph_Driver\src\stm32f4xx_syscfg.c 0x00000000   Number         0  stm32f4xx_syscfg.o ABSOLUTE
    ..\..\LIB\STM32F4xx_StdPeriph_Driver\src\stm32f4xx_tim.c 0x00000000   Number         0  stm32f4xx_tim.o ABSOLUTE
    ..\..\LIB\STM32F4xx_StdPeriph_Driver\src\stm32f4xx_usart.c 0x00000000   Number         0  stm32f4xx_usart.o ABSOLUTE
    ..\..\Utilities\STM32F4-Discovery\stm32f4_discovery.c 0x00000000   Number         0  stm32f4_discovery.o ABSOLUTE
    ..\\..\\LIB\\G_LIB\\gADC.c               0x00000000   Number         0  gadc.o ABSOLUTE
    ..\\..\\LIB\\G_LIB\\gControlMotor.c      0x00000000   Number         0  gcontrolmotor.o ABSOLUTE
    ..\\..\\LIB\\G_LIB\\gDelay.c             0x00000000   Number         0  gdelay.o ABSOLUTE
    ..\\..\\LIB\\G_LIB\\gEXTI.c              0x00000000   Number         0  gexti.o ABSOLUTE
    ..\\..\\LIB\\G_LIB\\gGPIO.c              0x00000000   Number         0  ggpio.o ABSOLUTE
    ..\\..\\LIB\\G_LIB\\gLCD.c               0x00000000   Number         0  glcd.o ABSOLUTE
    ..\\..\\LIB\\G_LIB\\gTIM.c               0x00000000   Number         0  gtim.o ABSOLUTE
    ..\\..\\LIB\\G_LIB\\gUSART.c             0x00000000   Number         0  gusart.o ABSOLUTE
    ..\\..\\LIB\\STM32F4xx_StdPeriph_Driver\\src\\misc.c 0x00000000   Number         0  misc.o ABSOLUTE
    ..\\..\\LIB\\STM32F4xx_StdPeriph_Driver\\src\\stm32f4xx_adc.c 0x00000000   Number         0  stm32f4xx_adc.o ABSOLUTE
    ..\\..\\LIB\\STM32F4xx_StdPeriph_Driver\\src\\stm32f4xx_dma.c 0x00000000   Number         0  stm32f4xx_dma.o ABSOLUTE
    ..\\..\\LIB\\STM32F4xx_StdPeriph_Driver\\src\\stm32f4xx_exti.c 0x00000000   Number         0  stm32f4xx_exti.o ABSOLUTE
    ..\\..\\LIB\\STM32F4xx_StdPeriph_Driver\\src\\stm32f4xx_gpio.c 0x00000000   Number         0  stm32f4xx_gpio.o ABSOLUTE
    ..\\..\\LIB\\STM32F4xx_StdPeriph_Driver\\src\\stm32f4xx_rcc.c 0x00000000   Number         0  stm32f4xx_rcc.o ABSOLUTE
    ..\\..\\LIB\\STM32F4xx_StdPeriph_Driver\\src\\stm32f4xx_spi.c 0x00000000   Number         0  stm32f4xx_spi.o ABSOLUTE
    ..\\..\\LIB\\STM32F4xx_StdPeriph_Driver\\src\\stm32f4xx_syscfg.c 0x00000000   Number         0  stm32f4xx_syscfg.o ABSOLUTE
    ..\\..\\LIB\\STM32F4xx_StdPeriph_Driver\\src\\stm32f4xx_tim.c 0x00000000   Number         0  stm32f4xx_tim.o ABSOLUTE
    ..\\..\\LIB\\STM32F4xx_StdPeriph_Driver\\src\\stm32f4xx_usart.c 0x00000000   Number         0  stm32f4xx_usart.o ABSOLUTE
    ..\\..\\Utilities\\STM32F4-Discovery\\stm32f4_discovery.c 0x00000000   Number         0  stm32f4_discovery.o ABSOLUTE
    cdrcmple.s                               0x00000000   Number         0  cdrcmple.o ABSOLUTE
    dc.s                                     0x00000000   Number         0  dc.o ABSOLUTE
    handlers.s                               0x00000000   Number         0  handlers.o ABSOLUTE
    init.s                                   0x00000000   Number         0  init.o ABSOLUTE
    main.c                                   0x00000000   Number         0  main.o ABSOLUTE
    main.c                                   0x00000000   Number         0  main.o ABSOLUTE
    stm32f4xx_it.c                           0x00000000   Number         0  stm32f4xx_it.o ABSOLUTE
    stm32f4xx_it.c                           0x00000000   Number         0  stm32f4xx_it.o ABSOLUTE
    system_stm32f4xx.c                       0x00000000   Number         0  system_stm32f4xx.o ABSOLUTE
    system_stm32f4xx.c                       0x00000000   Number         0  system_stm32f4xx.o ABSOLUTE
    RESET                                    0x08000000   Section      392  startup_stm32f4xx.o(RESET)
    .ARM.Collect$$$$00000000                 0x08000188   Section        0  entry.o(.ARM.Collect$$$$00000000)
    .ARM.Collect$$$$00000001                 0x08000188   Section        4  entry2.o(.ARM.Collect$$$$00000001)
    .ARM.Collect$$$$00000004                 0x0800018c   Section        4  entry5.o(.ARM.Collect$$$$00000004)
    .ARM.Collect$$$$00000008                 0x08000190   Section        0  entry7b.o(.ARM.Collect$$$$00000008)
    .ARM.Collect$$$$00000009                 0x08000190   Section        8  entry8.o(.ARM.Collect$$$$00000009)
    .ARM.Collect$$$$00002712                 0x08000198   Section        4  entry2.o(.ARM.Collect$$$$00002712)
    __lit__00000000                          0x08000198   Data           4  entry2.o(.ARM.Collect$$$$00002712)
    .text                                    0x0800019c   Section        0  main.o(.text)
    .text                                    0x080016bc   Section        0  stm32f4xx_it.o(.text)
    .text                                    0x080016d8   Section        0  system_stm32f4xx.o(.text)
    SetSysClock                              0x080016d9   Thumb Code   198  system_stm32f4xx.o(.text)
    .text                                    0x080018c4   Section        0  misc.o(.text)
    .text                                    0x080019a8   Section        0  stm32f4xx_gpio.o(.text)
    .text                                    0x08001bf4   Section        0  stm32f4xx_rcc.o(.text)
    .text                                    0x08002178   Section        0  stm32f4xx_usart.o(.text)
    .text                                    0x08002598   Section        0  stm32f4xx_spi.o(.text)
    .text                                    0x08002990   Section       36  startup_stm32f4xx.o(.text)
    .text                                    0x080029b4   Section        0  gdelay.o(.text)
    .text                                    0x08002a08   Section        0  ggpio.o(.text)
    .text                                    0x08002aec   Section        0  gusart.o(.text)
    .text                                    0x08002d68   Section       36  init.o(.text)
    i.__0sprintf$2                           0x08002d8c   Section        0  printf2.o(i.__0sprintf$2)
    i.__scatterload_copy                     0x08002db4   Section       14  handlers.o(i.__scatterload_copy)
    i.__scatterload_null                     0x08002dc2   Section        2  handlers.o(i.__scatterload_null)
    i.__scatterload_zeroinit                 0x08002dc4   Section       14  handlers.o(i.__scatterload_zeroinit)
    i._printf_core                           0x08002dd2   Section        0  printf2.o(i._printf_core)
    _printf_core                             0x08002dd3   Thumb Code   208  printf2.o(i._printf_core)
    i._sputc                                 0x08002ea2   Section        0  printf2.o(i._sputc)
    _sputc                                   0x08002ea3   Thumb Code    10  printf2.o(i._sputc)
    .data                                    0x20000000   Section      165  main.o(.data)
    .data                                    0x200000a8   Section       20  system_stm32f4xx.o(.data)
    .data                                    0x200000bc   Section       16  stm32f4xx_rcc.o(.data)
    APBAHBPrescTable                         0x200000bc   Data          16  stm32f4xx_rcc.o(.data)
    .bss                                     0x200000cc   Section      540  main.o(.bss)
    STACK                                    0x200002e8   Section     1024  startup_stm32f4xx.o(STACK)

    Global Symbols

    Symbol Name                              Value     Ov Type        Size  Object(Section)

    BuildAttributes$$THM_ISAv4$E$P$D$K$B$S$7EM$PE$A:L22UL41UL21$X:L11$S22US41US21$IEEE1$IW$USESV6$~STKCKD$USESV7$~SHL$OSPACE$ROPI$EBA8$MICROLIB$REQ8$PRES8$EABIv2 0x00000000   Number         0  anon$$obj.o ABSOLUTE
    __ARM_use_no_argv                        0x00000000   Number         0  main.o ABSOLUTE
    _printf_a                                0x00000000   Number         0  stubs.o ABSOLUTE
    _printf_c                                0x00000000   Number         0  stubs.o ABSOLUTE
    _printf_charcount                        0x00000000   Number         0  stubs.o ABSOLUTE
    _printf_d                                0x00000000   Number         0  stubs.o ABSOLUTE
    _printf_e                                0x00000000   Number         0  stubs.o ABSOLUTE
    _printf_f                                0x00000000   Number         0  stubs.o ABSOLUTE
    _printf_flags                            0x00000000   Number         0  stubs.o ABSOLUTE
    _printf_fp_dec                           0x00000000   Number         0  stubs.o ABSOLUTE
    _printf_fp_hex                           0x00000000   Number         0  stubs.o ABSOLUTE
    _printf_g                                0x00000000   Number         0  stubs.o ABSOLUTE
    _printf_i                                0x00000000   Number         0  stubs.o ABSOLUTE
    _printf_int_dec                          0x00000000   Number         0  stubs.o ABSOLUTE
    _printf_l                                0x00000000   Number         0  stubs.o ABSOLUTE
    _printf_lc                               0x00000000   Number         0  stubs.o ABSOLUTE
    _printf_ll                               0x00000000   Number         0  stubs.o ABSOLUTE
    _printf_lld                              0x00000000   Number         0  stubs.o ABSOLUTE
    _printf_lli                              0x00000000   Number         0  stubs.o ABSOLUTE
    _printf_llo                              0x00000000   Number         0  stubs.o ABSOLUTE
    _printf_llu                              0x00000000   Number         0  stubs.o ABSOLUTE
    _printf_llx                              0x00000000   Number         0  stubs.o ABSOLUTE
    _printf_longlong_dec                     0x00000000   Number         0  stubs.o ABSOLUTE
    _printf_longlong_hex                     0x00000000   Number         0  stubs.o ABSOLUTE
    _printf_longlong_oct                     0x00000000   Number         0  stubs.o ABSOLUTE
    _printf_ls                               0x00000000   Number         0  stubs.o ABSOLUTE
    _printf_mbtowc                           0x00000000   Number         0  stubs.o ABSOLUTE
    _printf_n                                0x00000000   Number         0  stubs.o ABSOLUTE
    _printf_o                                0x00000000   Number         0  stubs.o ABSOLUTE
    _printf_p                                0x00000000   Number         0  stubs.o ABSOLUTE
    _printf_percent                          0x00000000   Number         0  stubs.o ABSOLUTE
    _printf_pre_padding                      0x00000000   Number         0  stubs.o ABSOLUTE
    _printf_return_value                     0x00000000   Number         0  stubs.o ABSOLUTE
    _printf_s                                0x00000000   Number         0  stubs.o ABSOLUTE
    _printf_sizespec                         0x00000000   Number         0  stubs.o ABSOLUTE
    _printf_str                              0x00000000   Number         0  stubs.o ABSOLUTE
    _printf_truncate_signed                  0x00000000   Number         0  stubs.o ABSOLUTE
    _printf_truncate_unsigned                0x00000000   Number         0  stubs.o ABSOLUTE
    _printf_u                                0x00000000   Number         0  stubs.o ABSOLUTE
    _printf_wc                               0x00000000   Number         0  stubs.o ABSOLUTE
    _printf_wctomb                           0x00000000   Number         0  stubs.o ABSOLUTE
    _printf_widthprec                        0x00000000   Number         0  stubs.o ABSOLUTE
    _printf_x                                0x00000000   Number         0  stubs.o ABSOLUTE
    __decompress                              - Undefined Weak Reference
    _clock_init                               - Undefined Weak Reference
    __Vectors_Size                           0x00000188   Number         0  startup_stm32f4xx.o ABSOLUTE
    __Vectors                                0x08000000   Data           4  startup_stm32f4xx.o(RESET)
    __Vectors_End                            0x08000188   Data           0  startup_stm32f4xx.o(RESET)
    __main                                   0x08000189   Thumb Code     0  entry.o(.ARM.Collect$$$$00000000)
    _main_stk                                0x08000189   Thumb Code     0  entry2.o(.ARM.Collect$$$$00000001)
    _main_scatterload                        0x0800018d   Thumb Code     0  entry5.o(.ARM.Collect$$$$00000004)
    __main_after_scatterload                 0x08000191   Thumb Code     0  entry5.o(.ARM.Collect$$$$00000004)
    _main_clock                              0x08000191   Thumb Code     0  entry7b.o(.ARM.Collect$$$$00000008)
    _main_init                               0x08000191   Thumb Code     0  entry8.o(.ARM.Collect$$$$00000009)
    init_SPI1                                0x0800019d   Thumb Code   226  main.o(.text)
    init_SPI2                                0x0800027f   Thumb Code   220  main.o(.text)
    write_ZIGBEE_short                       0x0800035b   Thumb Code    48  main.o(.text)
    read_ZIGBEE_short                        0x0800038b   Thumb Code    48  main.o(.text)
    write_ZIGBEE_long                        0x080003bb   Thumb Code    74  main.o(.text)
    read_ZIGBEE_long                         0x08000405   Thumb Code    72  main.o(.text)
    pin_reset                                0x0800044d   Thumb Code    32  main.o(.text)
    PWR_reset                                0x0800046d   Thumb Code    12  main.o(.text)
    BB_reset                                 0x08000479   Thumb Code    12  main.o(.text)
    MAC_reset                                0x08000485   Thumb Code    12  main.o(.text)
    software_reset                           0x08000491   Thumb Code    12  main.o(.text)
    RF_reset                                 0x0800049d   Thumb Code    42  main.o(.text)
    enable_interrupt                         0x080004c7   Thumb Code    12  main.o(.text)
    set_channel                              0x080004d3   Thumb Code   266  main.o(.text)
    set_CCA_mode                             0x080005dd   Thumb Code   162  main.o(.text)
    set_RSSI_mode                            0x0800067f   Thumb Code    52  main.o(.text)
    nonbeacon_PAN_coordinator_device         0x080006b3   Thumb Code    54  main.o(.text)
    nonbeacon_coordinator_device             0x080006e9   Thumb Code    54  main.o(.text)
    nonbeacon_device                         0x0800071f   Thumb Code    46  main.o(.text)
    set_ACK                                  0x0800074d   Thumb Code    26  main.o(.text)
    set_not_ACK                              0x08000767   Thumb Code    24  main.o(.text)
    set_encrypt                              0x0800077f   Thumb Code    26  main.o(.text)
    set_not_encrypt                          0x08000799   Thumb Code    24  main.o(.text)
    start_transmit                           0x080007b1   Thumb Code    26  main.o(.text)
    set_IFS_recomended                       0x080007cb   Thumb Code    74  main.o(.text)
    set_IFS_default                          0x08000815   Thumb Code    74  main.o(.text)
    set_reception_mode                       0x0800085f   Thumb Code    92  main.o(.text)
    set_frame_format_filter                  0x080008bb   Thumb Code   120  main.o(.text)
    flush_RX_FIFO_pointer                    0x08000933   Thumb Code    24  main.o(.text)
    read_RX_FIFO                             0x0800094b   Thumb Code   130  main.o(.text)
    write_TX_normal_FIFO                     0x080009cd   Thumb Code   128  main.o(.text)
    set_short_address                        0x08000a4d   Thumb Code    26  main.o(.text)
    set_long_address                         0x08000a67   Thumb Code    32  main.o(.text)
    set_PAN_ID                               0x08000a87   Thumb Code    26  main.o(.text)
    set_wake_from_pin                        0x08000aa1   Thumb Code    54  main.o(.text)
    pin_wake                                 0x08000ad7   Thumb Code    18  main.o(.text)
    enable_PLL                               0x08000ae9   Thumb Code    14  main.o(.text)
    disable_PLL                              0x08000af7   Thumb Code    14  main.o(.text)
    set_TX_power                             0x08000b05   Thumb Code    40  main.o(.text)
    init_ZIGBEE_basic                        0x08000b2d   Thumb Code    88  main.o(.text)
    init_ZIGBEE_nonbeacon                    0x08000b85   Thumb Code    76  main.o(.text)
    debauns_INTn                             0x08000bd1   Thumb Code    50  main.o(.text)
    write_ZIGBEE_short2                      0x08000c03   Thumb Code    48  main.o(.text)
    read_ZIGBEE_short2                       0x08000c33   Thumb Code    48  main.o(.text)
    write_ZIGBEE_long2                       0x08000c63   Thumb Code    74  main.o(.text)
    read_ZIGBEE_long2                        0x08000cad   Thumb Code    72  main.o(.text)
    pin_reset2                               0x08000cf5   Thumb Code    32  main.o(.text)
    PWR_reset2                               0x08000d15   Thumb Code    12  main.o(.text)
    BB_reset2                                0x08000d21   Thumb Code    12  main.o(.text)
    MAC_reset2                               0x08000d2d   Thumb Code    12  main.o(.text)
    software_reset2                          0x08000d39   Thumb Code    12  main.o(.text)
    RF_reset2                                0x08000d45   Thumb Code   108  main.o(.text)
    enable_interrupt2                        0x08000db1   Thumb Code    12  main.o(.text)
    set_channel2                             0x08000dbd   Thumb Code   240  main.o(.text)
    set_CCA_mode2                            0x08000ead   Thumb Code   162  main.o(.text)
    set_RSSI_mode2                           0x08000f4f   Thumb Code    52  main.o(.text)
    nonbeacon_PAN_coordinator_device2        0x08000f83   Thumb Code    54  main.o(.text)
    nonbeacon_coordinator_device2            0x08000fb9   Thumb Code    54  main.o(.text)
    nonbeacon_device2                        0x08000fef   Thumb Code    46  main.o(.text)
    set_ACK2                                 0x0800101d   Thumb Code    26  main.o(.text)
    set_not_ACK2                             0x08001037   Thumb Code    24  main.o(.text)
    set_encrypt2                             0x0800104f   Thumb Code    26  main.o(.text)
    set_not_encrypt2                         0x08001069   Thumb Code    24  main.o(.text)
    start_transmit2                          0x08001081   Thumb Code    26  main.o(.text)
    set_IFS_recomended2                      0x0800109b   Thumb Code    74  main.o(.text)
    set_IFS_default2                         0x080010e5   Thumb Code    74  main.o(.text)
    set_reception_mode2                      0x0800112f   Thumb Code    92  main.o(.text)
    set_frame_format_filter2                 0x0800118b   Thumb Code   120  main.o(.text)
    flush_RX_FIFO_pointer2                   0x08001203   Thumb Code    24  main.o(.text)
    read_RX_FIFO2                            0x0800121b   Thumb Code   130  main.o(.text)
    write_TX_normal_FIFO2                    0x0800129d   Thumb Code   128  main.o(.text)
    set_short_address2                       0x0800131d   Thumb Code    26  main.o(.text)
    set_long_address2                        0x08001337   Thumb Code    32  main.o(.text)
    set_PAN_ID2                              0x08001357   Thumb Code    26  main.o(.text)
    set_wake_from_pin2                       0x08001371   Thumb Code    54  main.o(.text)
    pin_wake2                                0x080013a7   Thumb Code    18  main.o(.text)
    enable_PLL2                              0x080013b9   Thumb Code    14  main.o(.text)
    disable_PLL2                             0x080013c7   Thumb Code    14  main.o(.text)
    set_TX_power2                            0x080013d5   Thumb Code    40  main.o(.text)
    init_ZIGBEE_basic2                       0x080013fd   Thumb Code    88  main.o(.text)
    init_ZIGBEE_nonbeacon2                   0x08001455   Thumb Code    76  main.o(.text)
    debauns_INTn2                            0x080014a1   Thumb Code    50  main.o(.text)
    main                                     0x080014d3   Thumb Code   290  main.o(.text)
    SPI2_IRQHandler                          0x080015f5   Thumb Code    26  main.o(.text)
    SPI1_IRQHandler                          0x0800160f   Thumb Code   166  main.o(.text)
    NMI_Handler                              0x080016bd   Thumb Code     2  stm32f4xx_it.o(.text)
    HardFault_Handler                        0x080016bf   Thumb Code     4  stm32f4xx_it.o(.text)
    MemManage_Handler                        0x080016c3   Thumb Code     4  stm32f4xx_it.o(.text)
    BusFault_Handler                         0x080016c7   Thumb Code     4  stm32f4xx_it.o(.text)
    UsageFault_Handler                       0x080016cb   Thumb Code     4  stm32f4xx_it.o(.text)
    SVC_Handler                              0x080016cf   Thumb Code     2  stm32f4xx_it.o(.text)
    DebugMon_Handler                         0x080016d1   Thumb Code     2  stm32f4xx_it.o(.text)
    PendSV_Handler                           0x080016d3   Thumb Code     2  stm32f4xx_it.o(.text)
    SysTick_Handler                          0x080016d5   Thumb Code     2  stm32f4xx_it.o(.text)
    SystemInit                               0x0800179f   Thumb Code    74  system_stm32f4xx.o(.text)
    SystemCoreClockUpdate                    0x080017e9   Thumb Code   174  system_stm32f4xx.o(.text)
    NVIC_PriorityGroupConfig                 0x080018c5   Thumb Code    10  misc.o(.text)
    NVIC_Init                                0x080018cf   Thumb Code   108  misc.o(.text)
    NVIC_SetVectorTable                      0x0800193b   Thumb Code    14  misc.o(.text)
    NVIC_SystemLPConfig                      0x08001949   Thumb Code    34  misc.o(.text)
    SysTick_CLKSourceConfig                  0x0800196b   Thumb Code    40  misc.o(.text)
    GPIO_DeInit                              0x080019a9   Thumb Code   220  stm32f4xx_gpio.o(.text)
    GPIO_Init                                0x08001a85   Thumb Code   144  stm32f4xx_gpio.o(.text)
    GPIO_StructInit                          0x08001b15   Thumb Code    18  stm32f4xx_gpio.o(.text)
    GPIO_PinLockConfig                       0x08001b27   Thumb Code    18  stm32f4xx_gpio.o(.text)
    GPIO_ReadInputDataBit                    0x08001b39   Thumb Code    18  stm32f4xx_gpio.o(.text)
    GPIO_ReadInputData                       0x08001b4b   Thumb Code     8  stm32f4xx_gpio.o(.text)
    GPIO_ReadOutputDataBit                   0x08001b53   Thumb Code    18  stm32f4xx_gpio.o(.text)
    GPIO_ReadOutputData                      0x08001b65   Thumb Code     8  stm32f4xx_gpio.o(.text)
    GPIO_SetBits                             0x08001b6d   Thumb Code     4  stm32f4xx_gpio.o(.text)
    GPIO_ResetBits                           0x08001b71   Thumb Code     4  stm32f4xx_gpio.o(.text)
    GPIO_WriteBit                            0x08001b75   Thumb Code    10  stm32f4xx_gpio.o(.text)
    GPIO_Write                               0x08001b7f   Thumb Code     4  stm32f4xx_gpio.o(.text)
    GPIO_ToggleBits                          0x08001b83   Thumb Code     8  stm32f4xx_gpio.o(.text)
    GPIO_PinAFConfig                         0x08001b8b   Thumb Code    70  stm32f4xx_gpio.o(.text)
    RCC_DeInit                               0x08001bf5   Thumb Code    60  stm32f4xx_rcc.o(.text)
    RCC_HSEConfig                            0x08001c31   Thumb Code    14  stm32f4xx_rcc.o(.text)
    RCC_GetFlagStatus                        0x08001c3f   Thumb Code    60  stm32f4xx_rcc.o(.text)
    RCC_WaitForHSEStartUp                    0x08001c7b   Thumb Code    48  stm32f4xx_rcc.o(.text)
    RCC_AdjustHSICalibrationValue            0x08001cab   Thumb Code    20  stm32f4xx_rcc.o(.text)
    RCC_HSICmd                               0x08001cbf   Thumb Code     6  stm32f4xx_rcc.o(.text)
    RCC_LSEConfig                            0x08001cc5   Thumb Code    46  stm32f4xx_rcc.o(.text)
    RCC_LSICmd                               0x08001cf3   Thumb Code     6  stm32f4xx_rcc.o(.text)
    RCC_PLLConfig                            0x08001cf9   Thumb Code    32  stm32f4xx_rcc.o(.text)
    RCC_PLLCmd                               0x08001d19   Thumb Code     6  stm32f4xx_rcc.o(.text)
    RCC_PLLI2SConfig                         0x08001d1f   Thumb Code    14  stm32f4xx_rcc.o(.text)
    RCC_PLLI2SCmd                            0x08001d2d   Thumb Code     6  stm32f4xx_rcc.o(.text)
    RCC_ClockSecuritySystemCmd               0x08001d33   Thumb Code     6  stm32f4xx_rcc.o(.text)
    RCC_MCO1Config                           0x08001d39   Thumb Code    28  stm32f4xx_rcc.o(.text)
    RCC_MCO2Config                           0x08001d55   Thumb Code    28  stm32f4xx_rcc.o(.text)
    RCC_SYSCLKConfig                         0x08001d71   Thumb Code    20  stm32f4xx_rcc.o(.text)
    RCC_GetSYSCLKSource                      0x08001d85   Thumb Code    12  stm32f4xx_rcc.o(.text)
    RCC_HCLKConfig                           0x08001d91   Thumb Code    20  stm32f4xx_rcc.o(.text)
    RCC_PCLK1Config                          0x08001da5   Thumb Code    20  stm32f4xx_rcc.o(.text)
    RCC_PCLK2Config                          0x08001db9   Thumb Code    22  stm32f4xx_rcc.o(.text)
    RCC_GetClocksFreq                        0x08001dcf   Thumb Code   222  stm32f4xx_rcc.o(.text)
    RCC_RTCCLKConfig                         0x08001ead   Thumb Code    54  stm32f4xx_rcc.o(.text)
    RCC_RTCCLKCmd                            0x08001ee3   Thumb Code     8  stm32f4xx_rcc.o(.text)
    RCC_BackupResetCmd                       0x08001eeb   Thumb Code     8  stm32f4xx_rcc.o(.text)
    RCC_I2SCLKConfig                         0x08001ef3   Thumb Code     6  stm32f4xx_rcc.o(.text)
    RCC_AHB1PeriphClockCmd                   0x08001ef9   Thumb Code    34  stm32f4xx_rcc.o(.text)
    RCC_AHB2PeriphClockCmd                   0x08001f1b   Thumb Code    34  stm32f4xx_rcc.o(.text)
    RCC_AHB3PeriphClockCmd                   0x08001f3d   Thumb Code    34  stm32f4xx_rcc.o(.text)
    RCC_APB1PeriphClockCmd                   0x08001f5f   Thumb Code    34  stm32f4xx_rcc.o(.text)
    RCC_APB2PeriphClockCmd                   0x08001f81   Thumb Code    34  stm32f4xx_rcc.o(.text)
    RCC_AHB1PeriphResetCmd                   0x08001fa3   Thumb Code    34  stm32f4xx_rcc.o(.text)
    RCC_AHB2PeriphResetCmd                   0x08001fc5   Thumb Code    72  stm32f4xx_rcc.o(.text)
    RCC_AHB3PeriphResetCmd                   0x0800200d   Thumb Code    34  stm32f4xx_rcc.o(.text)
    RCC_APB1PeriphResetCmd                   0x0800202f   Thumb Code    34  stm32f4xx_rcc.o(.text)
    RCC_APB2PeriphResetCmd                   0x08002051   Thumb Code    34  stm32f4xx_rcc.o(.text)
    RCC_AHB1PeriphClockLPModeCmd             0x08002073   Thumb Code    34  stm32f4xx_rcc.o(.text)
    RCC_AHB2PeriphClockLPModeCmd             0x08002095   Thumb Code    34  stm32f4xx_rcc.o(.text)
    RCC_AHB3PeriphClockLPModeCmd             0x080020b7   Thumb Code    34  stm32f4xx_rcc.o(.text)
    RCC_APB1PeriphClockLPModeCmd             0x080020d9   Thumb Code    34  stm32f4xx_rcc.o(.text)
    RCC_APB2PeriphClockLPModeCmd             0x080020fb   Thumb Code    34  stm32f4xx_rcc.o(.text)
    RCC_ITConfig                             0x0800211d   Thumb Code    38  stm32f4xx_rcc.o(.text)
    RCC_ClearFlag                            0x08002143   Thumb Code    18  stm32f4xx_rcc.o(.text)
    RCC_GetITStatus                          0x08002155   Thumb Code    22  stm32f4xx_rcc.o(.text)
    RCC_ClearITPendingBit                    0x0800216b   Thumb Code     8  stm32f4xx_rcc.o(.text)
    USART_DeInit                             0x08002179   Thumb Code   156  stm32f4xx_usart.o(.text)
    USART_Init                               0x08002215   Thumb Code   204  stm32f4xx_usart.o(.text)
    USART_StructInit                         0x080022e1   Thumb Code    24  stm32f4xx_usart.o(.text)
    USART_ClockInit                          0x080022f9   Thumb Code    32  stm32f4xx_usart.o(.text)
    USART_ClockStructInit                    0x08002319   Thumb Code    12  stm32f4xx_usart.o(.text)
    USART_Cmd                                0x08002325   Thumb Code    24  stm32f4xx_usart.o(.text)
    USART_SetPrescaler                       0x0800233d   Thumb Code    16  stm32f4xx_usart.o(.text)
    USART_OverSampling8Cmd                   0x0800234d   Thumb Code    22  stm32f4xx_usart.o(.text)
    USART_OneBitMethodCmd                    0x08002363   Thumb Code    24  stm32f4xx_usart.o(.text)
    USART_SendData                           0x0800237b   Thumb Code     8  stm32f4xx_usart.o(.text)
    USART_ReceiveData                        0x08002383   Thumb Code    10  stm32f4xx_usart.o(.text)
    USART_SetAddress                         0x0800238d   Thumb Code    18  stm32f4xx_usart.o(.text)
    USART_ReceiverWakeUpCmd                  0x0800239f   Thumb Code    24  stm32f4xx_usart.o(.text)
    USART_WakeUpConfig                       0x080023b7   Thumb Code    18  stm32f4xx_usart.o(.text)
    USART_LINBreakDetectLengthConfig         0x080023c9   Thumb Code    18  stm32f4xx_usart.o(.text)
    USART_LINCmd                             0x080023db   Thumb Code    24  stm32f4xx_usart.o(.text)
    USART_SendBreak                          0x080023f3   Thumb Code    10  stm32f4xx_usart.o(.text)
    USART_HalfDuplexCmd                      0x080023fd   Thumb Code    24  stm32f4xx_usart.o(.text)
    USART_SetGuardTime                       0x08002415   Thumb Code    16  stm32f4xx_usart.o(.text)
    USART_SmartCardCmd                       0x08002425   Thumb Code    24  stm32f4xx_usart.o(.text)
    USART_SmartCardNACKCmd                   0x0800243d   Thumb Code    24  stm32f4xx_usart.o(.text)
    USART_IrDAConfig                         0x08002455   Thumb Code    18  stm32f4xx_usart.o(.text)
    USART_IrDACmd                            0x08002467   Thumb Code    24  stm32f4xx_usart.o(.text)
    USART_DMACmd                             0x0800247f   Thumb Code    24  stm32f4xx_usart.o(.text)
    USART_ITConfig                           0x08002497   Thumb Code    74  stm32f4xx_usart.o(.text)
    USART_GetFlagStatus                      0x080024e1   Thumb Code    26  stm32f4xx_usart.o(.text)
    USART_ClearFlag                          0x080024fb   Thumb Code    18  stm32f4xx_usart.o(.text)
    USART_GetITStatus                        0x0800250d   Thumb Code   108  stm32f4xx_usart.o(.text)
    USART_ClearITPendingBit                  0x08002579   Thumb Code    30  stm32f4xx_usart.o(.text)
    SPI_I2S_DeInit                           0x08002599   Thumb Code    76  stm32f4xx_spi.o(.text)
    SPI_Init                                 0x080025e5   Thumb Code    60  stm32f4xx_spi.o(.text)
    I2S_Init                                 0x08002621   Thumb Code   340  stm32f4xx_spi.o(.text)
    SPI_StructInit                           0x08002775   Thumb Code    24  stm32f4xx_spi.o(.text)
    I2S_StructInit                           0x0800278d   Thumb Code    20  stm32f4xx_spi.o(.text)
    SPI_Cmd                                  0x080027a1   Thumb Code    24  stm32f4xx_spi.o(.text)
    I2S_Cmd                                  0x080027b9   Thumb Code    24  stm32f4xx_spi.o(.text)
    SPI_DataSizeConfig                       0x080027d1   Thumb Code    18  stm32f4xx_spi.o(.text)
    SPI_BiDirectionalLineConfig              0x080027e3   Thumb Code    28  stm32f4xx_spi.o(.text)
    SPI_NSSInternalSoftwareConfig            0x080027ff   Thumb Code    30  stm32f4xx_spi.o(.text)
    SPI_SSOutputCmd                          0x0800281d   Thumb Code    24  stm32f4xx_spi.o(.text)
    SPI_TIModeCmd                            0x08002835   Thumb Code    24  stm32f4xx_spi.o(.text)
    I2S_FullDuplexConfig                     0x0800284d   Thumb Code    80  stm32f4xx_spi.o(.text)
    SPI_I2S_ReceiveData                      0x0800289d   Thumb Code     6  stm32f4xx_spi.o(.text)
    SPI_I2S_SendData                         0x080028a3   Thumb Code     4  stm32f4xx_spi.o(.text)
    SPI_CalculateCRC                         0x080028a7   Thumb Code    24  stm32f4xx_spi.o(.text)
    SPI_TransmitCRC                          0x080028bf   Thumb Code    10  stm32f4xx_spi.o(.text)
    SPI_GetCRC                               0x080028c9   Thumb Code    16  stm32f4xx_spi.o(.text)
    SPI_GetCRCPolynomial                     0x080028d9   Thumb Code     6  stm32f4xx_spi.o(.text)
    SPI_I2S_DMACmd                           0x080028df   Thumb Code    24  stm32f4xx_spi.o(.text)
    SPI_I2S_ITConfig                         0x080028f7   Thumb Code    36  stm32f4xx_spi.o(.text)
    SPI_I2S_GetFlagStatus                    0x0800291b   Thumb Code    18  stm32f4xx_spi.o(.text)
    SPI_I2S_ClearFlag                        0x0800292d   Thumb Code     6  stm32f4xx_spi.o(.text)
    SPI_I2S_GetITStatus                      0x08002933   Thumb Code    52  stm32f4xx_spi.o(.text)
    SPI_I2S_ClearITPendingBit                0x08002967   Thumb Code    42  stm32f4xx_spi.o(.text)
    Reset_Handler                            0x08002991   Thumb Code     8  startup_stm32f4xx.o(.text)
    ADC_IRQHandler                           0x080029ab   Thumb Code     0  startup_stm32f4xx.o(.text)
    CAN1_RX0_IRQHandler                      0x080029ab   Thumb Code     0  startup_stm32f4xx.o(.text)
    CAN1_RX1_IRQHandler                      0x080029ab   Thumb Code     0  startup_stm32f4xx.o(.text)
    CAN1_SCE_IRQHandler                      0x080029ab   Thumb Code     0  startup_stm32f4xx.o(.text)
    CAN1_TX_IRQHandler                       0x080029ab   Thumb Code     0  startup_stm32f4xx.o(.text)
    CAN2_RX0_IRQHandler                      0x080029ab   Thumb Code     0  startup_stm32f4xx.o(.text)
    CAN2_RX1_IRQHandler                      0x080029ab   Thumb Code     0  startup_stm32f4xx.o(.text)
    CAN2_SCE_IRQHandler                      0x080029ab   Thumb Code     0  startup_stm32f4xx.o(.text)
    CAN2_TX_IRQHandler                       0x080029ab   Thumb Code     0  startup_stm32f4xx.o(.text)
    CRYP_IRQHandler                          0x080029ab   Thumb Code     0  startup_stm32f4xx.o(.text)
    DCMI_IRQHandler                          0x080029ab   Thumb Code     0  startup_stm32f4xx.o(.text)
    DMA1_Stream0_IRQHandler                  0x080029ab   Thumb Code     0  startup_stm32f4xx.o(.text)
    DMA1_Stream1_IRQHandler                  0x080029ab   Thumb Code     0  startup_stm32f4xx.o(.text)
    DMA1_Stream2_IRQHandler                  0x080029ab   Thumb Code     0  startup_stm32f4xx.o(.text)
    DMA1_Stream3_IRQHandler                  0x080029ab   Thumb Code     0  startup_stm32f4xx.o(.text)
    DMA1_Stream4_IRQHandler                  0x080029ab   Thumb Code     0  startup_stm32f4xx.o(.text)
    DMA1_Stream5_IRQHandler                  0x080029ab   Thumb Code     0  startup_stm32f4xx.o(.text)
    DMA1_Stream6_IRQHandler                  0x080029ab   Thumb Code     0  startup_stm32f4xx.o(.text)
    DMA1_Stream7_IRQHandler                  0x080029ab   Thumb Code     0  startup_stm32f4xx.o(.text)
    DMA2_Stream0_IRQHandler                  0x080029ab   Thumb Code     0  startup_stm32f4xx.o(.text)
    DMA2_Stream1_IRQHandler                  0x080029ab   Thumb Code     0  startup_stm32f4xx.o(.text)
    DMA2_Stream2_IRQHandler                  0x080029ab   Thumb Code     0  startup_stm32f4xx.o(.text)
    DMA2_Stream3_IRQHandler                  0x080029ab   Thumb Code     0  startup_stm32f4xx.o(.text)
    DMA2_Stream4_IRQHandler                  0x080029ab   Thumb Code     0  startup_stm32f4xx.o(.text)
    DMA2_Stream5_IRQHandler                  0x080029ab   Thumb Code     0  startup_stm32f4xx.o(.text)
    DMA2_Stream6_IRQHandler                  0x080029ab   Thumb Code     0  startup_stm32f4xx.o(.text)
    DMA2_Stream7_IRQHandler                  0x080029ab   Thumb Code     0  startup_stm32f4xx.o(.text)
    ETH_IRQHandler                           0x080029ab   Thumb Code     0  startup_stm32f4xx.o(.text)
    ETH_WKUP_IRQHandler                      0x080029ab   Thumb Code     0  startup_stm32f4xx.o(.text)
    EXTI0_IRQHandler                         0x080029ab   Thumb Code     0  startup_stm32f4xx.o(.text)
    EXTI15_10_IRQHandler                     0x080029ab   Thumb Code     0  startup_stm32f4xx.o(.text)
    EXTI1_IRQHandler                         0x080029ab   Thumb Code     0  startup_stm32f4xx.o(.text)
    EXTI2_IRQHandler                         0x080029ab   Thumb Code     0  startup_stm32f4xx.o(.text)
    EXTI3_IRQHandler                         0x080029ab   Thumb Code     0  startup_stm32f4xx.o(.text)
    EXTI4_IRQHandler                         0x080029ab   Thumb Code     0  startup_stm32f4xx.o(.text)
    EXTI9_5_IRQHandler                       0x080029ab   Thumb Code     0  startup_stm32f4xx.o(.text)
    FLASH_IRQHandler                         0x080029ab   Thumb Code     0  startup_stm32f4xx.o(.text)
    FPU_IRQHandler                           0x080029ab   Thumb Code     0  startup_stm32f4xx.o(.text)
    FSMC_IRQHandler                          0x080029ab   Thumb Code     0  startup_stm32f4xx.o(.text)
    HASH_RNG_IRQHandler                      0x080029ab   Thumb Code     0  startup_stm32f4xx.o(.text)
    I2C1_ER_IRQHandler                       0x080029ab   Thumb Code     0  startup_stm32f4xx.o(.text)
    I2C1_EV_IRQHandler                       0x080029ab   Thumb Code     0  startup_stm32f4xx.o(.text)
    I2C2_ER_IRQHandler                       0x080029ab   Thumb Code     0  startup_stm32f4xx.o(.text)
    I2C2_EV_IRQHandler                       0x080029ab   Thumb Code     0  startup_stm32f4xx.o(.text)
    I2C3_ER_IRQHandler                       0x080029ab   Thumb Code     0  startup_stm32f4xx.o(.text)
    I2C3_EV_IRQHandler                       0x080029ab   Thumb Code     0  startup_stm32f4xx.o(.text)
    OTG_FS_IRQHandler                        0x080029ab   Thumb Code     0  startup_stm32f4xx.o(.text)
    OTG_FS_WKUP_IRQHandler                   0x080029ab   Thumb Code     0  startup_stm32f4xx.o(.text)
    OTG_HS_EP1_IN_IRQHandler                 0x080029ab   Thumb Code     0  startup_stm32f4xx.o(.text)
    OTG_HS_EP1_OUT_IRQHandler                0x080029ab   Thumb Code     0  startup_stm32f4xx.o(.text)
    OTG_HS_IRQHandler                        0x080029ab   Thumb Code     0  startup_stm32f4xx.o(.text)
    OTG_HS_WKUP_IRQHandler                   0x080029ab   Thumb Code     0  startup_stm32f4xx.o(.text)
    PVD_IRQHandler                           0x080029ab   Thumb Code     0  startup_stm32f4xx.o(.text)
    RCC_IRQHandler                           0x080029ab   Thumb Code     0  startup_stm32f4xx.o(.text)
    RTC_Alarm_IRQHandler                     0x080029ab   Thumb Code     0  startup_stm32f4xx.o(.text)
    RTC_WKUP_IRQHandler                      0x080029ab   Thumb Code     0  startup_stm32f4xx.o(.text)
    SDIO_IRQHandler                          0x080029ab   Thumb Code     0  startup_stm32f4xx.o(.text)
    SPI3_IRQHandler                          0x080029ab   Thumb Code     0  startup_stm32f4xx.o(.text)
    TAMP_STAMP_IRQHandler                    0x080029ab   Thumb Code     0  startup_stm32f4xx.o(.text)
    TIM1_BRK_TIM9_IRQHandler                 0x080029ab   Thumb Code     0  startup_stm32f4xx.o(.text)
    TIM1_CC_IRQHandler                       0x080029ab   Thumb Code     0  startup_stm32f4xx.o(.text)
    TIM1_TRG_COM_TIM11_IRQHandler            0x080029ab   Thumb Code     0  startup_stm32f4xx.o(.text)
    TIM1_UP_TIM10_IRQHandler                 0x080029ab   Thumb Code     0  startup_stm32f4xx.o(.text)
    TIM2_IRQHandler                          0x080029ab   Thumb Code     0  startup_stm32f4xx.o(.text)
    TIM3_IRQHandler                          0x080029ab   Thumb Code     0  startup_stm32f4xx.o(.text)
    TIM4_IRQHandler                          0x080029ab   Thumb Code     0  startup_stm32f4xx.o(.text)
    TIM5_IRQHandler                          0x080029ab   Thumb Code     0  startup_stm32f4xx.o(.text)
    TIM6_DAC_IRQHandler                      0x080029ab   Thumb Code     0  startup_stm32f4xx.o(.text)
    TIM7_IRQHandler                          0x080029ab   Thumb Code     0  startup_stm32f4xx.o(.text)
    TIM8_BRK_TIM12_IRQHandler                0x080029ab   Thumb Code     0  startup_stm32f4xx.o(.text)
    TIM8_CC_IRQHandler                       0x080029ab   Thumb Code     0  startup_stm32f4xx.o(.text)
    TIM8_TRG_COM_TIM14_IRQHandler            0x080029ab   Thumb Code     0  startup_stm32f4xx.o(.text)
    TIM8_UP_TIM13_IRQHandler                 0x080029ab   Thumb Code     0  startup_stm32f4xx.o(.text)
    UART4_IRQHandler                         0x080029ab   Thumb Code     0  startup_stm32f4xx.o(.text)
    UART5_IRQHandler                         0x080029ab   Thumb Code     0  startup_stm32f4xx.o(.text)
    USART1_IRQHandler                        0x080029ab   Thumb Code     0  startup_stm32f4xx.o(.text)
    USART2_IRQHandler                        0x080029ab   Thumb Code     0  startup_stm32f4xx.o(.text)
    USART3_IRQHandler                        0x080029ab   Thumb Code     0  startup_stm32f4xx.o(.text)
    USART6_IRQHandler                        0x080029ab   Thumb Code     0  startup_stm32f4xx.o(.text)
    WWDG_IRQHandler                          0x080029ab   Thumb Code     0  startup_stm32f4xx.o(.text)
    oneCycle                                 0x080029b5   Thumb Code    12  gdelay.o(.text)
    delayUs                                  0x080029c1   Thumb Code    22  gdelay.o(.text)
    delayMs                                  0x080029d7   Thumb Code    24  gdelay.o(.text)
    delayS                                   0x080029ef   Thumb Code    24  gdelay.o(.text)
    gpioSetMode                              0x08002a09   Thumb Code   164  ggpio.o(.text)
    gpioInitMode                             0x08002aad   Thumb Code    26  ggpio.o(.text)
    usartSetMode                             0x08002aed   Thumb Code   208  gusart.o(.text)
    usartInitMode                            0x08002bbd   Thumb Code    76  gusart.o(.text)
    usartSetModeCommunication                0x08002c09   Thumb Code   262  gusart.o(.text)
    putCharUsart                             0x08002d0f   Thumb Code    30  gusart.o(.text)
    putStringUsart                           0x08002d2d   Thumb Code    32  gusart.o(.text)
    __scatterload                            0x08002d69   Thumb Code    28  init.o(.text)
    __scatterload_rt2                        0x08002d69   Thumb Code     0  init.o(.text)
    __0sprintf$2                             0x08002d8d   Thumb Code    34  printf2.o(i.__0sprintf$2)
    __1sprintf$2                             0x08002d8d   Thumb Code     0  printf2.o(i.__0sprintf$2)
    __2sprintf                               0x08002d8d   Thumb Code     0  printf2.o(i.__0sprintf$2)
    __scatterload_copy                       0x08002db5   Thumb Code    14  handlers.o(i.__scatterload_copy)
    __scatterload_null                       0x08002dc3   Thumb Code     2  handlers.o(i.__scatterload_null)
    __scatterload_zeroinit                   0x08002dc5   Thumb Code    14  handlers.o(i.__scatterload_zeroinit)
    Region$$Table$$Base                      0x08002eac   Number         0  anon$$obj.o(Region$$Table)
    Region$$Table$$Limit                     0x08002ecc   Number         0  anon$$obj.o(Region$$Table)
    address_RX_FIFO                          0x20000000   Data           4  main.o(.data)
    address_TX_normal_FIFO                   0x20000004   Data           4  main.o(.data)
    lost_data                                0x20000008   Data           2  main.o(.data)
    ADDRESS_short_1                          0x2000000a   Data           4  main.o(.data)
    ADDRESS_long_1                           0x2000000e   Data          16  main.o(.data)
    ADDRESS_short_2                          0x2000001e   Data           4  main.o(.data)
    ADDRESS_long_2                           0x20000022   Data          16  main.o(.data)
    PAN_ID_1                                 0x20000032   Data           4  main.o(.data)
    PAN_ID_2                                 0x20000036   Data           4  main.o(.data)
    LQI                                      0x2000003a   Data           2  main.o(.data)
    RSSI2                                    0x2000003c   Data           2  main.o(.data)
    SEQ_NUMBER                               0x2000003e   Data           2  main.o(.data)
    address_RX_FIFO2                         0x20000040   Data           4  main.o(.data)
    address_TX_normal_FIFO2                  0x20000044   Data           4  main.o(.data)
    lost_data2                               0x20000048   Data           2  main.o(.data)
    ADDRESS_short_12                         0x2000004a   Data           4  main.o(.data)
    ADDRESS_long_12                          0x2000004e   Data          16  main.o(.data)
    ADDRESS_short_22                         0x2000005e   Data           4  main.o(.data)
    ADDRESS_long_22                          0x20000062   Data          16  main.o(.data)
    PAN_ID_12                                0x20000072   Data           4  main.o(.data)
    PAN_ID_22                                0x20000076   Data           4  main.o(.data)
    LQI2                                     0x2000007a   Data           2  main.o(.data)
    RSSI22                                   0x2000007c   Data           2  main.o(.data)
    SEQ_NUMBER2                              0x2000007e   Data           2  main.o(.data)
    NVIC_InitStructure_SPI1                  0x20000080   Data           4  main.o(.data)
    txt                                      0x20000084   Data           4  main.o(.data)
    DATA_RX                                  0x20000088   Data           6  main.o(.data)
    DATA_TX                                  0x2000008e   Data           6  main.o(.data)
    txt2                                     0x20000094   Data           4  main.o(.data)
    DATA_RX2                                 0x20000098   Data           6  main.o(.data)
    DATA_TX2                                 0x2000009e   Data           6  main.o(.data)
    Rx_Idx                                   0x200000a4   Data           1  main.o(.data)
    SystemCoreClock                          0x200000a8   Data           4  system_stm32f4xx.o(.data)
    AHBPrescTable                            0x200000ac   Data          16  system_stm32f4xx.o(.data)
    data_RX_FIFO                             0x200000cc   Data          38  main.o(.bss)
    data_TX_normal_FIFO                      0x200000f2   Data          32  main.o(.bss)
    data_RX_FIFO2                            0x20000112   Data          38  main.o(.bss)
    data_TX_normal_FIFO2                     0x20000138   Data          32  main.o(.bss)
    txBufUsart                               0x20000158   Data         200  main.o(.bss)
    RxBuffer                                 0x20000220   Data         200  main.o(.bss)
    __initial_sp                             0x200006e8   Data           0  startup_stm32f4xx.o(STACK)



==============================================================================

Memory Map of the image

  Image Entry point : 0x08000189

  Load Region LR_IROM1 (Base: 0x08000000, Size: 0x00002f98, Max: 0x00100000, ABSOLUTE)

    Execution Region ER_IROM1 (Base: 0x08000000, Size: 0x00002ecc, Max: 0x00100000, ABSOLUTE)

    Base Addr    Size         Type   Attr      Idx    E Section Name        Object

    0x08000000   0x00000188   Data   RO          477    RESET               startup_stm32f4xx.o
    0x08000188   0x00000000   Code   RO          679  * .ARM.Collect$$$$00000000  mc_w.l(entry.o)
    0x08000188   0x00000004   Code   RO          947    .ARM.Collect$$$$00000001  mc_w.l(entry2.o)
    0x0800018c   0x00000004   Code   RO          950    .ARM.Collect$$$$00000004  mc_w.l(entry5.o)
    0x08000190   0x00000000   Code   RO          952    .ARM.Collect$$$$00000008  mc_w.l(entry7b.o)
    0x08000190   0x00000008   Code   RO          953    .ARM.Collect$$$$00000009  mc_w.l(entry8.o)
    0x08000198   0x00000004   Code   RO          948    .ARM.Collect$$$$00002712  mc_w.l(entry2.o)
    0x0800019c   0x00001520   Code   RO            2    .text               main.o
    0x080016bc   0x0000001a   Code   RO          149    .text               stm32f4xx_it.o
    0x080016d6   0x00000002   PAD
    0x080016d8   0x000001ec   Code   RO          269    .text               system_stm32f4xx.o
    0x080018c4   0x000000e4   Code   RO          314    .text               misc.o
    0x080019a8   0x0000024c   Code   RO          378    .text               stm32f4xx_gpio.o
    0x08001bf4   0x00000584   Code   RO          394    .text               stm32f4xx_rcc.o
    0x08002178   0x0000041e   Code   RO          444    .text               stm32f4xx_usart.o
    0x08002596   0x00000002   PAD
    0x08002598   0x000003f8   Code   RO          460    .text               stm32f4xx_spi.o
    0x08002990   0x00000024   Code   RO          478    .text               startup_stm32f4xx.o
    0x080029b4   0x00000052   Code   RO          534    .text               gdelay.o
    0x08002a06   0x00000002   PAD
    0x08002a08   0x000000e4   Code   RO          584    .text               ggpio.o
    0x08002aec   0x0000027c   Code   RO          645    .text               gusart.o
    0x08002d68   0x00000024   Code   RO          974    .text               mc_w.l(init.o)
    0x08002d8c   0x00000028   Code   RO          751    i.__0sprintf$2      mc_w.l(printf2.o)
    0x08002db4   0x0000000e   Code   RO          982    i.__scatterload_copy  mc_w.l(handlers.o)
    0x08002dc2   0x00000002   Code   RO          983    i.__scatterload_null  mc_w.l(handlers.o)
    0x08002dc4   0x0000000e   Code   RO          984    i.__scatterload_zeroinit  mc_w.l(handlers.o)
    0x08002dd2   0x000000d0   Code   RO          756    i._printf_core      mc_w.l(printf2.o)
    0x08002ea2   0x0000000a   Code   RO          758    i._sputc            mc_w.l(printf2.o)
    0x08002eac   0x00000020   Data   RO          980    Region$$Table       anon$$obj.o


    Execution Region RW_IRAM1 (Base: 0x20000000, Size: 0x000006e8, Max: 0x00020000, ABSOLUTE)

    Base Addr    Size         Type   Attr      Idx    E Section Name        Object

    0x20000000   0x000000a5   Data   RW            5    .data               main.o
    0x200000a5   0x00000003   PAD
    0x200000a8   0x00000014   Data   RW          270    .data               system_stm32f4xx.o
    0x200000bc   0x00000010   Data   RW          395    .data               stm32f4xx_rcc.o
    0x200000cc   0x0000021c   Zero   RW            3    .bss                main.o
    0x200002e8   0x00000400   Zero   RW          475    STACK               startup_stm32f4xx.o


==============================================================================

Image component sizes


      Code (inc. data)   RO Data    RW Data    ZI Data      Debug   Object Name

        82          0          0          0          0       1002   gdelay.o
       228         38          0          0          0       1459   ggpio.o
       636         28          0          0          0       2475   gusart.o
      5408        240          0        165        540     252567   main.o
       228         22          0          0          0       1813   misc.o
        36          8        392          0       1024        828   startup_stm32f4xx.o
       588         36          0          0          0       3961   stm32f4xx_gpio.o
        26          0          0          0          0     235414   stm32f4xx_it.o
      1412         48          0         16          0      10943   stm32f4xx_rcc.o
      1016         22          0          0          0       6709   stm32f4xx_spi.o
      1054         24          0          0          0       7720   stm32f4xx_usart.o
       492         46          0         20          0       1587   system_stm32f4xx.o

    ----------------------------------------------------------------------
     11212        512        424        204       1564     526478   Object Totals
         0          0         32          0          0          0   (incl. Generated)
         6          0          0          3          0          0   (incl. Padding)

    ----------------------------------------------------------------------

      Code (inc. data)   RO Data    RW Data    ZI Data      Debug   Library Member Name

         0          0          0          0          0          0   entry.o
         8          4          0          0          0          0   entry2.o
         4          0          0          0          0          0   entry5.o
         0          0          0          0          0          0   entry7b.o
         8          4          0          0          0          0   entry8.o
        30          0          0          0          0          0   handlers.o
        36          8          0          0          0         68   init.o
       258          6          0          0          0        244   printf2.o

    ----------------------------------------------------------------------
       344         22          0          0          0        312   Library Totals
         0          0          0          0          0          0   (incl. Padding)

    ----------------------------------------------------------------------

      Code (inc. data)   RO Data    RW Data    ZI Data      Debug   Library Name

       344         22          0          0          0        312   mc_w.l

    ----------------------------------------------------------------------
       344         22          0          0          0        312   Library Totals

    ----------------------------------------------------------------------

==============================================================================


      Code (inc. data)   RO Data    RW Data    ZI Data      Debug   

     11556        534        424        204       1564     525698   Grand Totals
     11556        534        424        204       1564     525698   ELF Image Totals
     11556        534        424        204          0          0   ROM Totals

==============================================================================

    Total RO  Size (Code + RO Data)                11980 (  11.70kB)
    Total RW  Size (RW Data + ZI Data)              1768 (   1.73kB)
    Total ROM Size (Code + RO Data + RW Data)      12184 (  11.90kB)

==============================================================================

